IntCtrl_Ip.c:188:6:IntCtrl_Ip_InstallHandlerPrivileged	8	static
IntCtrl_Ip.c:266:6:IntCtrl_Ip_EnableIrqPrivileged	0	static
IntCtrl_Ip.c:285:6:IntCtrl_Ip_DisableIrqPrivileged	0	static
IntCtrl_Ip.c:306:6:IntCtrl_Ip_SetPriorityPrivileged	0	static
IntCtrl_Ip.c:348:7:IntCtrl_Ip_GetPriorityPrivileged	0	static
IntCtrl_Ip.c:382:6:IntCtrl_Ip_ClearPendingPrivileged	0	static
IntCtrl_Ip.c:522:6:IntCtrl_Ip_SetTargetCoresPrivileged	0	static
IntCtrl_Ip.c:544:6:IntCtrl_Ip_ClearDirectedCpuInterruptPrivileged	0	static
IntCtrl_Ip.c:562:8:IntCtrl_Ip_GetDirectedCpuInterruptPrivileged	0	static
IntCtrl_Ip.c:581:6:IntCtrl_Ip_GenerateDirectedCpuInterruptPrivileged	12	static
IntCtrl_Ip.c:636:23:IntCtrl_Ip_Init	16	static
IntCtrl_Ip.c:673:23:IntCtrl_Ip_ConfigIrqRouting	24	static
IntCtrl_Ip.c:701:6:IntCtrl_Ip_InstallHandler	0	static
IntCtrl_Ip.c:713:6:IntCtrl_Ip_EnableIrq	0	static
IntCtrl_Ip.c:723:6:IntCtrl_Ip_DisableIrq	0	static
IntCtrl_Ip.c:733:6:IntCtrl_Ip_SetPriority	0	static
IntCtrl_Ip.c:743:7:IntCtrl_Ip_GetPriority	0	static
IntCtrl_Ip.c:753:6:IntCtrl_Ip_ClearPending	0	static
IntCtrl_Ip.c:818:6:IntCtrl_Ip_SetTargetCores	0	static
IntCtrl_Ip.c:831:6:IntCtrl_Ip_ClearDirectedCpuInterrupt	0	static
IntCtrl_Ip.c:840:9:IntCtrl_Ip_GetDirectedCpuInterrupt	8	static
IntCtrl_Ip.c:849:6:IntCtrl_Ip_GenerateDirectedCpuInterrupt	0	static
