Linflexd_Lin_Ip.c:832:13:Linflexd_Lin_Ip_CopyData	12	static
Linflexd_Lin_Ip.c:904:13:Linflexd_Lin_Ip_UpdateCurrentNodeState	0	static
Linflexd_Lin_Ip.c:245:35:Linflexd_Lin_Ip_StateTimeoutMode	32	static
Linflexd_Lin_Ip.c:1007:28:Linflexd_Lin_Ip_Init	24	static
Linflexd_Lin_Ip.c:1086:28:Linflexd_Lin_Ip_Deinit	8	static
Linflexd_Lin_Ip.c:1134:28:Linflexd_Lin_Ip_AbortTransferData	32	static
Linflexd_Lin_Ip.c:1213:31:Linflexd_Lin_Ip_GetCurrentNodeState	8	static
Linflexd_Lin_Ip.c:1240:36:Linflexd_Lin_Ip_GetStatus	24	static
Linflexd_Lin_Ip.c:1352:28:Linflexd_Lin_Ip_GoToSleepMode	16	static
Linflexd_Lin_Ip.c:1422:28:Linflexd_Lin_Ip_GotoIdleState	16	static
Linflexd_Lin_Ip.c:1481:28:Linflexd_Lin_Ip_SendWakeupSignal	16	static
Linflexd_Lin_Ip.c:1555:28:Linflexd_Lin_Ip_SendFrame	24	static
Linflexd_Lin_Ip.c:1767:6:Linflexd_Lin_Ip_TxRx_IRQHandler	40	static
Linflexd_Lin_Ip.c:1873:6:Linflexd_Lin_Ip_Error_IRQHandler	8	static
