SchM_Port.c:349:8:Port_schm_read_msr	0	static
SchM_Port.c:433:6:SchM_Enter_Port_PORT_EXCLUSIVE_AREA_00	8	static
SchM_Port.c:455:6:SchM_Exit_Port_PORT_EXCLUSIVE_AREA_00	8	static
SchM_Port.c:469:6:SchM_Enter_Port_PORT_EXCLUSIVE_AREA_01	8	static
SchM_Port.c:491:6:SchM_Exit_Port_PORT_EXCLUSIVE_AREA_01	8	static
SchM_Port.c:505:6:SchM_Enter_Port_PORT_EXCLUSIVE_AREA_02	8	static
SchM_Port.c:527:6:SchM_Exit_Port_PORT_EXCLUSIVE_AREA_02	8	static
SchM_Port.c:541:6:SchM_Enter_Port_PORT_EXCLUSIVE_AREA_03	8	static
SchM_Port.c:563:6:SchM_Exit_Port_PORT_EXCLUSIVE_AREA_03	8	static
SchM_Port.c:577:6:SchM_Enter_Port_PORT_EXCLUSIVE_AREA_04	8	static
SchM_Port.c:599:6:SchM_Exit_Port_PORT_EXCLUSIVE_AREA_04	8	static
SchM_Port.c:613:6:SchM_Enter_Port_PORT_EXCLUSIVE_AREA_05	8	static
SchM_Port.c:635:6:SchM_Exit_Port_PORT_EXCLUSIVE_AREA_05	8	static
SchM_Port.c:649:6:SchM_Enter_Port_PORT_EXCLUSIVE_AREA_06	8	static
SchM_Port.c:671:6:SchM_Exit_Port_PORT_EXCLUSIVE_AREA_06	8	static
SchM_Port.c:685:6:SchM_Enter_Port_PORT_EXCLUSIVE_AREA_07	8	static
SchM_Port.c:707:6:SchM_Exit_Port_PORT_EXCLUSIVE_AREA_07	8	static
SchM_Port.c:721:6:SchM_Enter_Port_PORT_EXCLUSIVE_AREA_08	8	static
SchM_Port.c:743:6:SchM_Exit_Port_PORT_EXCLUSIVE_AREA_08	8	static
SchM_Port.c:757:6:SchM_Enter_Port_PORT_EXCLUSIVE_AREA_09	8	static
SchM_Port.c:779:6:SchM_Exit_Port_PORT_EXCLUSIVE_AREA_09	8	static
SchM_Port.c:793:6:SchM_Enter_Port_PORT_EXCLUSIVE_AREA_10	8	static
SchM_Port.c:815:6:SchM_Exit_Port_PORT_EXCLUSIVE_AREA_10	8	static
SchM_Port.c:829:6:SchM_Enter_Port_PORT_EXCLUSIVE_AREA_11	8	static
SchM_Port.c:851:6:SchM_Exit_Port_PORT_EXCLUSIVE_AREA_11	8	static
SchM_Port.c:865:6:SchM_Enter_Port_PORT_EXCLUSIVE_AREA_12	8	static
SchM_Port.c:887:6:SchM_Exit_Port_PORT_EXCLUSIVE_AREA_12	8	static
SchM_Port.c:901:6:SchM_Enter_Port_PORT_EXCLUSIVE_AREA_13	8	static
SchM_Port.c:923:6:SchM_Exit_Port_PORT_EXCLUSIVE_AREA_13	8	static
SchM_Port.c:937:6:SchM_Enter_Port_PORT_EXCLUSIVE_AREA_14	8	static
SchM_Port.c:959:6:SchM_Exit_Port_PORT_EXCLUSIVE_AREA_14	8	static
SchM_Port.c:973:6:SchM_Enter_Port_PORT_EXCLUSIVE_AREA_15	8	static
SchM_Port.c:995:6:SchM_Exit_Port_PORT_EXCLUSIVE_AREA_15	8	static
SchM_Port.c:1009:6:SchM_Enter_Port_PORT_EXCLUSIVE_AREA_16	8	static
SchM_Port.c:1031:6:SchM_Exit_Port_PORT_EXCLUSIVE_AREA_16	8	static
SchM_Port.c:1045:6:SchM_Enter_Port_PORT_EXCLUSIVE_AREA_17	8	static
SchM_Port.c:1067:6:SchM_Exit_Port_PORT_EXCLUSIVE_AREA_17	8	static
SchM_Port.c:1081:6:SchM_Enter_Port_PORT_EXCLUSIVE_AREA_18	8	static
SchM_Port.c:1103:6:SchM_Exit_Port_PORT_EXCLUSIVE_AREA_18	8	static
SchM_Port.c:1117:6:SchM_Enter_Port_PORT_EXCLUSIVE_AREA_19	8	static
SchM_Port.c:1139:6:SchM_Exit_Port_PORT_EXCLUSIVE_AREA_19	8	static
SchM_Port.c:1153:6:SchM_Enter_Port_PORT_EXCLUSIVE_AREA_20	8	static
SchM_Port.c:1175:6:SchM_Exit_Port_PORT_EXCLUSIVE_AREA_20	8	static
SchM_Port.c:1189:6:SchM_Enter_Port_PORT_EXCLUSIVE_AREA_21	8	static
SchM_Port.c:1211:6:SchM_Exit_Port_PORT_EXCLUSIVE_AREA_21	8	static
SchM_Port.c:1225:6:SchM_Enter_Port_PORT_EXCLUSIVE_AREA_22	8	static
SchM_Port.c:1247:6:SchM_Exit_Port_PORT_EXCLUSIVE_AREA_22	8	static
SchM_Port.c:1261:6:SchM_Enter_Port_PORT_EXCLUSIVE_AREA_23	8	static
SchM_Port.c:1283:6:SchM_Exit_Port_PORT_EXCLUSIVE_AREA_23	8	static
SchM_Port.c:1297:6:SchM_Enter_Port_PORT_EXCLUSIVE_AREA_24	8	static
SchM_Port.c:1319:6:SchM_Exit_Port_PORT_EXCLUSIVE_AREA_24	8	static
SchM_Port.c:1333:6:SchM_Enter_Port_PORT_EXCLUSIVE_AREA_25	8	static
SchM_Port.c:1355:6:SchM_Exit_Port_PORT_EXCLUSIVE_AREA_25	8	static
SchM_Port.c:1369:6:SchM_Enter_Port_PORT_EXCLUSIVE_AREA_26	8	static
SchM_Port.c:1391:6:SchM_Exit_Port_PORT_EXCLUSIVE_AREA_26	8	static
SchM_Port.c:1405:6:SchM_Enter_Port_PORT_EXCLUSIVE_AREA_27	8	static
SchM_Port.c:1427:6:SchM_Exit_Port_PORT_EXCLUSIVE_AREA_27	8	static
