
Discarded input sections

 .group         0x00000000        0xc ./Project_Settings/Startup_Code/exceptions.o
 .group         0x00000000        0xc ./Project_Settings/Startup_Code/exceptions.o
 .group         0x00000000        0xc ./Project_Settings/Startup_Code/exceptions.o
 .group         0x00000000        0xc ./Project_Settings/Startup_Code/exceptions.o
 .group         0x00000000        0xc ./Project_Settings/Startup_Code/exceptions.o
 .group         0x00000000        0xc ./Project_Settings/Startup_Code/exceptions.o
 .group         0x00000000        0xc ./Project_Settings/Startup_Code/exceptions.o
 .group         0x00000000        0xc ./Project_Settings/Startup_Code/exceptions.o
 .group         0x00000000        0xc ./Project_Settings/Startup_Code/exceptions.o
 .group         0x00000000        0xc ./Project_Settings/Startup_Code/exceptions.o
 .group         0x00000000        0xc ./Project_Settings/Startup_Code/exceptions.o
 .group         0x00000000        0xc ./Project_Settings/Startup_Code/exceptions.o
 .group         0x00000000        0xc ./Project_Settings/Startup_Code/exceptions.o
 .group         0x00000000        0xc ./Project_Settings/Startup_Code/exceptions.o
 .group         0x00000000        0xc ./Project_Settings/Startup_Code/exceptions.o
 .group         0x00000000        0xc ./Project_Settings/Startup_Code/exceptions.o
 .group         0x00000000        0xc ./Project_Settings/Startup_Code/exceptions.o
 .group         0x00000000        0xc ./Project_Settings/Startup_Code/exceptions.o
 .group         0x00000000        0xc ./Project_Settings/Startup_Code/exceptions.o
 .group         0x00000000        0xc ./Project_Settings/Startup_Code/exceptions.o
 .group         0x00000000        0xc ./Project_Settings/Startup_Code/exceptions.o
 .group         0x00000000        0xc ./Project_Settings/Startup_Code/exceptions.o
 .group         0x00000000        0xc ./Project_Settings/Startup_Code/exceptions.o
 .group         0x00000000        0xc ./Project_Settings/Startup_Code/exceptions.o
 .group         0x00000000        0xc ./Project_Settings/Startup_Code/exceptions.o
 .group         0x00000000        0xc ./Project_Settings/Startup_Code/exceptions.o
 .group         0x00000000        0xc ./Project_Settings/Startup_Code/nvic.o
 .group         0x00000000        0xc ./Project_Settings/Startup_Code/nvic.o
 .group         0x00000000        0xc ./Project_Settings/Startup_Code/nvic.o
 .group         0x00000000        0xc ./Project_Settings/Startup_Code/nvic.o
 .group         0x00000000        0xc ./Project_Settings/Startup_Code/nvic.o
 .group         0x00000000        0xc ./Project_Settings/Startup_Code/nvic.o
 .group         0x00000000        0xc ./Project_Settings/Startup_Code/nvic.o
 .group         0x00000000        0xc ./Project_Settings/Startup_Code/nvic.o
 .group         0x00000000        0xc ./Project_Settings/Startup_Code/nvic.o
 .group         0x00000000        0xc ./Project_Settings/Startup_Code/nvic.o
 .group         0x00000000        0xc ./Project_Settings/Startup_Code/nvic.o
 .group         0x00000000        0xc ./Project_Settings/Startup_Code/nvic.o
 .group         0x00000000        0xc ./Project_Settings/Startup_Code/nvic.o
 .group         0x00000000        0xc ./Project_Settings/Startup_Code/nvic.o
 .group         0x00000000        0xc ./Project_Settings/Startup_Code/nvic.o
 .group         0x00000000        0xc ./Project_Settings/Startup_Code/nvic.o
 .group         0x00000000        0xc ./Project_Settings/Startup_Code/nvic.o
 .group         0x00000000        0xc ./Project_Settings/Startup_Code/nvic.o
 .group         0x00000000        0xc ./Project_Settings/Startup_Code/nvic.o
 .group         0x00000000        0xc ./Project_Settings/Startup_Code/nvic.o
 .group         0x00000000        0xc ./Project_Settings/Startup_Code/nvic.o
 .debug_macro   0x00000000      0xad2 ./Project_Settings/Startup_Code/nvic.o
 .debug_macro   0x00000000       0x22 ./Project_Settings/Startup_Code/nvic.o
 .debug_macro   0x00000000       0x56 ./Project_Settings/Startup_Code/nvic.o
 .debug_macro   0x00000000       0x51 ./Project_Settings/Startup_Code/nvic.o
 .debug_macro   0x00000000       0xef ./Project_Settings/Startup_Code/nvic.o
 .debug_macro   0x00000000       0x6a ./Project_Settings/Startup_Code/nvic.o
 .debug_macro   0x00000000      0x1df ./Project_Settings/Startup_Code/nvic.o
 .debug_macro   0x00000000       0x22 ./Project_Settings/Startup_Code/nvic.o
 .debug_macro   0x00000000      0x16d ./Project_Settings/Startup_Code/nvic.o
 .debug_macro   0x00000000       0x82 ./Project_Settings/Startup_Code/nvic.o
 .debug_macro   0x00000000      0x97b ./Project_Settings/Startup_Code/nvic.o
 .debug_macro   0x00000000       0x3a ./Project_Settings/Startup_Code/nvic.o
 .debug_macro   0x00000000       0xa2 ./Project_Settings/Startup_Code/nvic.o
 .debug_macro   0x00000000       0x68 ./Project_Settings/Startup_Code/nvic.o
 .debug_macro   0x00000000       0x50 ./Project_Settings/Startup_Code/nvic.o
[...]
Memory Configuration

Name             Origin             Length             Attributes
int_itcm         0x00000000         0x00000000
int_dtcm         0x20000000         0x00010000
int_sram_shareable 0x22c00000         0x00004000
int_sram         0x34000000         0x00400000
int_sram_stack_c0 0x34400000         0x00002000
int_sram_stack_c1 0x34402000         0x00002000
int_sram_stack_c2 0x34404000         0x00002000
int_sram_no_cacheable 0x34500000         0x00100000
ram_rsvd2        0x34600000         0x00000000
LLCE_CAN_SHAREDMEMORY 0x43800000         0x0003c800
LLCE_LIN_SHAREDMEMORY 0x4383c800         0x000000a0
LLCE_BOOT_END    0x4383c8a0         0x00000050
LLCE_MEAS_SHAREDMEMORY 0x4384ffdf         0x00000020
*default*        0x00000000         0xffffffff

Linker script and memory map

LOAD ./Project_Settings/Startup_Code/Vector_Table.o
LOAD ./Project_Settings/Startup_Code/exceptions.o
LOAD ./Project_Settings/Startup_Code/nvic.o
LOAD ./Project_Settings/Startup_Code/startup.o
LOAD ./Project_Settings/Startup_Code/startup_cm7.o
LOAD ./Project_Settings/Startup_Code/system.o
LOAD ./RTD/src/Clock_Ip.o
LOAD ./RTD/src/Clock_Ip_Data.o
LOAD ./RTD/src/Clock_Ip_Data1.o
LOAD ./RTD/src/Clock_Ip_Data2.o
LOAD ./RTD/src/Clock_Ip_Divider.o
LOAD ./RTD/src/Clock_Ip_DividerTrigger.o
LOAD ./RTD/src/Clock_Ip_ExtOsc.o
LOAD ./RTD/src/Clock_Ip_FracDiv.o
LOAD ./RTD/src/Clock_Ip_Frequency.o
LOAD ./RTD/src/Clock_Ip_Frequency1.o
LOAD ./RTD/src/Clock_Ip_Frequency2.o
LOAD ./RTD/src/Clock_Ip_Gate.o
LOAD ./RTD/src/Clock_Ip_IntOsc.o
LOAD ./RTD/src/Clock_Ip_Irq.o
LOAD ./RTD/src/Clock_Ip_Monitor.o
LOAD ./RTD/src/Clock_Ip_Pll.o
LOAD ./RTD/src/Clock_Ip_ProgFreqSwitch.o
LOAD ./RTD/src/Clock_Ip_Selector.o
LOAD ./RTD/src/Clock_Ip_Specific.o
LOAD ./RTD/src/Clock_Ip_Specific1.o
LOAD ./RTD/src/Clock_Ip_Specific2.o
LOAD ./RTD/src/Dem.o
LOAD ./RTD/src/Dem_stub.o
LOAD ./RTD/src/Det.o
LOAD ./RTD/src/Det_stub.o
LOAD ./RTD/src/EcuM.o
LOAD ./RTD/src/IntCtrl_Ip.o
LOAD ./RTD/src/Lin.o
LOAD ./RTD/src/LinIf.o
LOAD ./RTD/src/Lin_ASRExt.o
LOAD ./RTD/src/Lin_Ipw.o
LOAD ./RTD/src/Linflexd_Lin_Ip.o
LOAD ./RTD/src/Linflexd_Lin_Ip_Autosar.o
LOAD ./RTD/src/Linflexd_Lin_Ip_Irq.o
LOAD ./RTD/src/Mcu.o
LOAD ./RTD/src/Mcu_Dem_Wrapper.o
LOAD ./RTD/src/Mcu_Ipw.o
LOAD ./RTD/src/OsIf_Interrupts.o
LOAD ./RTD/src/OsIf_Timer.o
LOAD ./RTD/src/OsIf_Timer_System.o
LOAD ./RTD/src/OsIf_Timer_System_Internal_Systick.o
LOAD ./RTD/src/Platform.o
LOAD ./RTD/src/Platform_Ipw.o
LOAD ./RTD/src/Port.o
LOAD ./RTD/src/Port_Ipw.o
LOAD ./RTD/src/Power_Ip.o
LOAD ./RTD/src/Power_Ip_CortexA.o
LOAD ./RTD/src/Power_Ip_CortexM7.o
LOAD ./RTD/src/Power_Ip_MC_ME.o
LOAD ./RTD/src/Power_Ip_MC_RGM.o
LOAD ./RTD/src/Power_Ip_MC_RGM_Irq.o
LOAD ./RTD/src/Power_Ip_MSCM.o
LOAD ./RTD/src/Power_Ip_PMC.o
LOAD ./RTD/src/Power_Ip_Private.o
LOAD ./RTD/src/Ram_Ip.o
LOAD ./RTD/src/SchM_Lin.o
LOAD ./RTD/src/SchM_Mcu.o
LOAD ./RTD/src/SchM_Port.o
LOAD ./RTD/src/Siul2_Port_Ip.o
LOAD ./RTD/src/System_Ip.o
LOAD ./board/Siul2_Port_Ip_Cfg.o
LOAD ./board/dcd_config.o
LOAD ./board/ivt_config.o
LOAD ./board/quadspi_config.o
LOAD ./generate/IntCtrl_Ip/IntCtrl_Ip_Cfg.o
LOAD ./generate/src/Clock_Ip_BOARD_InitPeripherals_PBcfg.o
LOAD ./generate/src/Clock_Ip_Cfg.o
LOAD ./generate/src/Lin_BOARD_InitPeripherals_PBcfg.o
LOAD ./generate/src/Lin_Cfg.o
LOAD ./generate/src/Lin_Ipw_BOARD_InitPeripherals_PBcfg.o
LOAD ./generate/src/Linflexd_Lin_Ip_BOARD_InitPeripherals_PBcfg.o
LOAD ./generate/src/Mcu_BOARD_InitPeripherals_PBcfg.o
LOAD ./generate/src/Mcu_Cfg.o
LOAD ./generate/src/OsIf_Cfg.o
LOAD ./generate/src/Platform_Cfg.o
LOAD ./generate/src/Platform_Ipw_Cfg.o
LOAD ./generate/src/Port_BOARD_InitPeripherals_PBcfg.o
LOAD ./generate/src/Port_Cfg.o
LOAD ./generate/src/Power_Ip_BOARD_InitPeripherals_PBcfg.o
LOAD ./generate/src/Power_Ip_Cfg.o
LOAD ./generate/src/Ram_Ip_BOARD_InitPeripherals_PBcfg.o
LOAD ./generate/src/Ram_Ip_Cfg.o
LOAD ./generate/src/Siul2_Port_Ip_BOARD_InitPeripherals_PBcfg.o
LOAD ./src/main.o
LOAD C:/NXP/S32DS.3.4/S32DS/build_tools/gcc_v9.2/gcc-9.2-arm32-eabi/arm-none-eabi/newlib/lib/thumb/v7e-m+fp/hard\libc_nano.a
LOAD C:/NXP/S32DS.3.4/S32DS/build_tools/gcc_v9.2/gcc-9.2-arm32-eabi/arm-none-eabi/newlib/lib/thumb/v7e-m+fp/hard\libm.a
LOAD c:/nxp/s32ds.3.4/s32ds/build_tools/gcc_v9.2/gcc-9.2-arm32-eabi/bin/../lib/gcc/arm-none-eabi/9.2.0/thumb/v7e-m+fp/hard\libgcc.a
START GROUP
LOAD c:/nxp/s32ds.3.4/s32ds/build_tools/gcc_v9.2/gcc-9.2-arm32-eabi/bin/../lib/gcc/arm-none-eabi/9.2.0/thumb/v7e-m+fp/hard\libgcc.a
LOAD C:/NXP/S32DS.3.4/S32DS/build_tools/gcc_v9.2/gcc-9.2-arm32-eabi/arm-none-eabi/newlib/lib/thumb/v7e-m+fp/hard\libg_nano.a
LOAD C:/NXP/S32DS.3.4/S32DS/build_tools/gcc_v9.2/gcc-9.2-arm32-eabi/arm-none-eabi/newlib/lib/thumb/v7e-m+fp/hard\libc_nano.a
END GROUP
START GROUP
LOAD c:/nxp/s32ds.3.4/s32ds/build_tools/gcc_v9.2/gcc-9.2-arm32-eabi/bin/../lib/gcc/arm-none-eabi/9.2.0/thumb/v7e-m+fp/hard\libgcc.a
LOAD C:/NXP/S32DS.3.4/S32DS/build_tools/gcc_v9.2/gcc-9.2-arm32-eabi/arm-none-eabi/newlib/lib/thumb/v7e-m+fp/hard\libc_nano.a
LOAD C:/NXP/S32DS.3.4/S32DS/build_tools/gcc_v9.2/gcc-9.2-arm32-eabi/arm-none-eabi/newlib/lib/thumb/v7e-m+fp/hard\libnosys.a
END GROUP
START GROUP
LOAD c:/nxp/s32ds.3.4/s32ds/build_tools/gcc_v9.2/gcc-9.2-arm32-eabi/bin/../lib/gcc/arm-none-eabi/9.2.0/thumb/v7e-m+fp/hard\libgcc.a
LOAD C:/NXP/S32DS.3.4/S32DS/build_tools/gcc_v9.2/gcc-9.2-arm32-eabi/arm-none-eabi/newlib/lib/thumb/v7e-m+fp/hard\libc_nano.a
LOAD C:/NXP/S32DS.3.4/S32DS/build_tools/gcc_v9.2/gcc-9.2-arm32-eabi/arm-none-eabi/newlib/lib/thumb/v7e-m+fp/hard\libnosys.a
END GROUP
                0x00003000                HEAP_SIZE = DEFINED (__heap_size__)?__heap_size__:0x3000

.sram           0x34000000     0xa99c
                0x34000000                . = ALIGN (0x4)
 *(.core_loop)
 .core_loop     0x34000000        0xc ./Project_Settings/Startup_Code/startup_cm7.o
                0x34000000                _core_loop
                0x3400000c                . = ALIGN (0x4)
 *(.startup)
 *fill*         0x3400000c        0x4 
 .startup       0x34000010      0x1d0 ./Project_Settings/Startup_Code/startup_cm7.o
                0x34000010                Reset_Handler
                0x34000010                _start
                0x3400016a                MCAL_LTB_TRACE_OFF
                0x3400016c                _end_of_eunit_test
                0x340001e0                . = ALIGN (0x4)
 *(.text.startup)
 .text.startup  0x340001e0       0xc8 ./src/main.o
                0x340001e0                main
                0x340002a8                . = ALIGN (0x4)
 *(.text)
 .text          0x340002a8        0x0 ./Project_Settings/Startup_Code/Vector_Table.o
 .text          0x340002a8        0x0 ./Project_Settings/Startup_Code/exceptions.o
 .text          0x340002a8        0x0 ./Project_Settings/Startup_Code/nvic.o
 .text          0x340002a8        0x0 ./Project_Settings/Startup_Code/startup.o
 .text          0x340002a8        0x0 ./Project_Settings/Startup_Code/startup_cm7.o
 .text          0x340002a8        0xc ./Project_Settings/Startup_Code/system.o
                0x340002a8                Sys_GetCoreID
 .text          0x340002b4        0x0 ./RTD/src/Clock_Ip.o
 .text          0x340002b4        0x0 ./RTD/src/Clock_Ip_Data.o
 .text          0x340002b4        0x0 ./RTD/src/Clock_Ip_Data1.o
 .text          0x340002b4        0x0 ./RTD/src/Clock_Ip_Data2.o
 .text          0x340002b4        0x0 ./RTD/src/Clock_Ip_Divider.o
 .text          0x340002b4        0x0 ./RTD/src/Clock_Ip_DividerTrigger.o
 .text          0x340002b4        0x0 ./RTD/src/Clock_Ip_ExtOsc.o
 .text          0x340002b4        0x0 ./RTD/src/Clock_Ip_FracDiv.o
 .text          0x340002b4        0x0 ./RTD/src/Clock_Ip_Frequency.o
 .text          0x340002b4        0x0 ./RTD/src/Clock_Ip_Frequency1.o
 .text          0x340002b4        0x0 ./RTD/src/Clock_Ip_Frequency2.o
 .text          0x340002b4        0x0 ./RTD/src/Clock_Ip_Gate.o
 .text          0x340002b4        0x0 ./RTD/src/Clock_Ip_IntOsc.o
 .text          0x340002b4        0x0 ./RTD/src/Clock_Ip_Irq.o
 .text          0x340002b4        0x0 ./RTD/src/Clock_Ip_Monitor.o
 .text          0x340002b4        0x0 ./RTD/src/Clock_Ip_Pll.o
 .text          0x340002b4        0x0 ./RTD/src/Clock_Ip_ProgFreqSwitch.o
 .text          0x340002b4        0x0 ./RTD/src/Clock_Ip_Selector.o
 .text          0x340002b4        0x0 ./RTD/src/Clock_Ip_Specific.o
 .text          0x340002b4        0x0 ./RTD/src/Clock_Ip_Specific1.o
 .text          0x340002b4        0x0 ./RTD/src/Clock_Ip_Specific2.o
 .text          0x340002b4        0x0 ./RTD/src/Dem.o
 .text          0x340002b4        0x0 ./RTD/src/Dem_stub.o
 .text          0x340002b4        0x0 ./RTD/src/Det.o
 .text          0x340002b4        0x0 ./RTD/src/Det_stub.o
 .text          0x340002b4        0x0 ./RTD/src/EcuM.o
 .text          0x340002b4        0x0 ./RTD/src/IntCtrl_Ip.o
 .text          0x340002b4       0x28 ./RTD/src/Lin.o
 .text          0x340002dc       0x10 ./RTD/src/LinIf.o
                0x340002dc                LinIf_WakeupConfirmation
                0x340002de                LinIf_CheckWakeup
                0x340002e2                LinIf_HeaderIndication
                0x340002e6                LinIf_RxIndication
                0x340002e8                LinIf_TxConfirmation
                0x340002ea                LinIf_LinErrorIndication
 .text          0x340002ec        0x0 ./RTD/src/Lin_ASRExt.o
 .text          0x340002ec        0x0 ./RTD/src/Lin_Ipw.o
 .text          0x340002ec        0x0 ./RTD/src/Linflexd_Lin_Ip.o
 .text          0x340002ec        0x0 ./RTD/src/Linflexd_Lin_Ip_Autosar.o
 .text          0x340002ec        0x0 ./RTD/src/Linflexd_Lin_Ip_Irq.o
 .text          0x340002ec        0x0 ./RTD/src/Mcu.o
 .text          0x340002ec        0x0 ./RTD/src/Mcu_Dem_Wrapper.o
 .text          0x340002ec        0x0 ./RTD/src/Mcu_Ipw.o
 .text          0x340002ec        0x0 ./RTD/src/OsIf_Interrupts.o
 .text          0x340002ec        0x0 ./RTD/src/OsIf_Timer.o
 .text          0x340002ec        0x0 ./RTD/src/OsIf_Timer_System.o
 .text          0x340002ec        0x0 ./RTD/src/OsIf_Timer_System_Internal_Systick.o
 .text          0x340002ec        0x0 ./RTD/src/Platform.o
 .text          0x340002ec        0x0 ./RTD/src/Platform_Ipw.o
 .text          0x340002ec        0x0 ./RTD/src/Port.o
 .text          0x340002ec        0x0 ./RTD/src/Port_Ipw.o
 .text          0x340002ec        0x0 ./RTD/src/Power_Ip.o
 .text          0x340002ec        0x0 ./RTD/src/Power_Ip_CortexA.o
 .text          0x340002ec        0x0 ./RTD/src/Power_Ip_CortexM7.o
 .text          0x340002ec        0x0 ./RTD/src/Power_Ip_MC_ME.o
 .text          0x340002ec        0x0 ./RTD/src/Power_Ip_MC_RGM.o
 .text          0x340002ec        0x0 ./RTD/src/Power_Ip_MC_RGM_Irq.o
 .text          0x340002ec        0x0 ./RTD/src/Power_Ip_MSCM.o
 .text          0x340002ec        0x0 ./RTD/src/Power_Ip_PMC.o
 .text          0x340002ec        0x0 ./RTD/src/Power_Ip_Private.o
 .text          0x340002ec        0x0 ./RTD/src/Ram_Ip.o
 .text          0x340002ec        0x6 ./RTD/src/SchM_Lin.o
                0x340002ec                Lin_schm_read_msr
 .text          0x340002f2        0x6 ./RTD/src/SchM_Mcu.o
                0x340002f2                Mcu_schm_read_msr
 .text          0x340002f8        0x6 ./RTD/src/SchM_Port.o
                0x340002f8                Port_schm_read_msr
 .text          0x340002fe        0x0 ./RTD/src/Siul2_Port_Ip.o
 .text          0x340002fe        0x0 ./RTD/src/System_Ip.o
 .text          0x340002fe        0x0 ./board/Siul2_Port_Ip_Cfg.o
 .text          0x340002fe        0x0 ./board/dcd_config.o
 .text          0x340002fe        0x0 ./board/ivt_config.o
 .text          0x340002fe        0x0 ./board/quadspi_config.o
 .text          0x340002fe        0x0 ./generate/IntCtrl_Ip/IntCtrl_Ip_Cfg.o
 .text          0x340002fe        0x0 ./generate/src/Clock_Ip_BOARD_InitPeripherals_PBcfg.o
 .text          0x340002fe        0x0 ./generate/src/Clock_Ip_Cfg.o
 .text          0x340002fe        0x0 ./generate/src/Lin_BOARD_InitPeripherals_PBcfg.o
 .text          0x340002fe        0x0 ./generate/src/Lin_Cfg.o
 .text          0x340002fe        0x0 ./generate/src/Lin_Ipw_BOARD_InitPeripherals_PBcfg.o
 .text          0x340002fe        0x0 ./generate/src/Linflexd_Lin_Ip_BOARD_InitPeripherals_PBcfg.o
 .text          0x340002fe        0x0 ./generate/src/Mcu_BOARD_InitPeripherals_PBcfg.o
 .text          0x340002fe        0x0 ./generate/src/Mcu_Cfg.o
 .text          0x340002fe        0x0 ./generate/src/OsIf_Cfg.o
 .text          0x340002fe        0x0 ./generate/src/Platform_Cfg.o
 .text          0x340002fe        0x0 ./generate/src/Platform_Ipw_Cfg.o
 .text          0x340002fe        0x0 ./generate/src/Port_BOARD_InitPeripherals_PBcfg.o
 .text          0x340002fe        0x0 ./generate/src/Port_Cfg.o
 .text          0x340002fe        0x0 ./generate/src/Power_Ip_BOARD_InitPeripherals_PBcfg.o
 .text          0x340002fe        0x0 ./generate/src/Power_Ip_Cfg.o
 .text          0x340002fe        0x0 ./generate/src/Ram_Ip_BOARD_InitPeripherals_PBcfg.o
 .text          0x340002fe        0x0 ./generate/src/Ram_Ip_Cfg.o
 .text          0x340002fe        0x0 ./generate/src/Siul2_Port_Ip_BOARD_InitPeripherals_PBcfg.o
 .text          0x340002fe        0x0 ./src/main.o
 *(.text*)
                0x34000300                . = ALIGN (0x4)
 *fill*         0x340002fe        0x2 
 *(.mcal_text)
 .mcal_text     0x34000300       0x14 ./Project_Settings/Startup_Code/exceptions.o
                0x34000300                NMI_Handler
                0x34000302                HardFault_Handler
                0x34000304                MemManage_Handler
                0x34000306                BusFault_Handler
                0x34000308                UsageFault_Handler
                0x3400030a                SVC_Handler
                0x3400030c                DebugMon_Handler
                0x3400030e                PendSV_Handler
                0x34000310                SysTick_Handler
                0x34000312                undefined_handler
 .mcal_text     0x34000314       0x52 ./Project_Settings/Startup_Code/nvic.o
                0x34000314                NVIC_SetPriorityGrouping
                0x34000328                NVIC_EnableIRQ
                0x34000340                NVIC_DisableIRQ
                0x34000358                NVIC_SetPriority
 *fill*         0x34000366        0x2 
 .mcal_text     0x34000368       0x54 ./Project_Settings/Startup_Code/startup.o
                0x34000368                init_data_bss
 .mcal_text     0x340003bc      0x22c ./Project_Settings/Startup_Code/system.o
                0x340003bc                startup_go_to_user_mode
                0x340003be                default_interrupt_routine
                0x340003c0                SystemWfiConfig
                0x34000428                SystemInit
 .mcal_text     0x340005e8      0x870 ./RTD/src/Clock_Ip.o
                0x340005ea                Clock_Ip_InitClock
                0x34000b4c                Clock_Ip_GetPllStatus
                0x34000be8                Clock_Ip_DistributePll
                0x34000ce0                Clock_Ip_Init
                0x34000d04                Clock_Ip_DisableClockMonitor
                0x34000d2c                Clock_Ip_GetClockMonitorStatus
                0x34000d54                Clock_Ip_ClearClockMonitorStatus
                0x34000d7c                Clock_Ip_InstallNotificationsCallback
                0x34000d88                Clock_Ip_DisableModuleClock
                0x34000db0                Clock_Ip_EnableModuleClock
                0x34000dd8                Clock_Ip_ReportClockErrors
                0x34000de4                Clock_Ip_StartTimeout
                0x34000e04                Clock_Ip_TimeoutExpired
                0x34000e20                Clock_Ip_GetConfiguredFrequencyValue
 .mcal_text     0x34000e58      0x154 ./RTD/src/Clock_Ip_Divider.o
 .mcal_text     0x34000fac        0x2 ./RTD/src/Clock_Ip_DividerTrigger.o
 *fill*         0x34000fae        0x2 
 .mcal_text     0x34000fb0      0x114 ./RTD/src/Clock_Ip_ExtOsc.o
 .mcal_text     0x340010c4       0xe4 ./RTD/src/Clock_Ip_FracDiv.o
 .mcal_text     0x340011a8      0x124 ./RTD/src/Clock_Ip_Gate.o
 .mcal_text     0x340012cc        0x4 ./RTD/src/Clock_Ip_IntOsc.o
 .mcal_text     0x340012d0        0x4 ./RTD/src/Clock_Ip_Irq.o
                0x340012d0                Mcu_Cmu_ClockFail_IRQHandler
 .mcal_text     0x340012d4      0x290 ./RTD/src/Clock_Ip_Monitor.o
                0x340014e6                Clock_Ip_CMU_GetInterruptStatus
                0x340014f8                Clock_Ip_CMU_ClockFailInt
 .mcal_text     0x34001564      0x18c ./RTD/src/Clock_Ip_Pll.o
 .mcal_text     0x340016f0      0x140 ./RTD/src/Clock_Ip_ProgFreqSwitch.o
 .mcal_text     0x34001830      0x378 ./RTD/src/Clock_Ip_Selector.o
                0x34001b46                Clock_Ip_ConfigureResetGenCtrl1
                0x34001b5c                Clock_Ip_ConfigureSetGenCtrl1
                0x34001b7e                Clock_Ip_SetRtcRtccClksel_TrustedCall
 .mcal_text     0x34001ba8      0x134 ./RTD/src/Clock_Ip_Specific.o
                0x34001ba8                Clock_Ip_McMeEnterKey
                0x34001bbc                Clock_Ip_SpecificPeripheralClockInitialization
                0x34001bbe                Clock_Ip_SpecificPlatformInitClock
                0x34001cd8                Clock_Ip_ClockInitializeObjects
                0x34001cda                Clock_Ip_ClockPowerModeChangeNotification
 .mcal_text     0x34001cdc       0xf0 ./RTD/src/Dem.o
                0x34001cdc                Dem_SetEventStatus
                0x34001d3c                Dem_ReportErrorStatusPreExtData
 .mcal_text     0x34001dcc      0x210 ./RTD/src/Dem_stub.o
                0x34001dcc                Dem_TestLastReportErrorStatus
                0x34001e44                Dem_TestNoError
                0x34001e88                Dem_TestLastReportErrorStatusPreExtData
                0x34001f5c                Dem_ClearEvents
                0x34001f70                Dem_GetEvent
                0x34001fb0                Dem_GetEventCount
                0x34001fc4                Dem_BufferOverflow
 .mcal_text     0x34001fdc       0xa4 ./RTD/src/Det.o
                0x34001fdc                Det_Init
                0x34001fde                Det_ReportError
                0x34002014                Det_ReportRuntimeError
                0x34002048                Det_ReportTransientFault
                0x3400207c                Det_Start
 .mcal_text     0x34002080      0x21c ./RTD/src/Det_stub.o
                0x34002080                Det_TestLastReportError
                0x340020e8                Det_TestLastReportRuntimeError
                0x34002150                Det_TestLastReportTransientFault
                0x340021b8                Det_TestNoError
                0x34002204                Det_TestNoRuntimeError
                0x34002250                Det_TestNoTransientFault
 .mcal_text     0x3400229c       0x10 ./RTD/src/EcuM.o
                0x3400229c                EcuM_SetWakeupEvent
                0x340022a8                EcuM_ValidateWakeupEvent
                0x340022aa                EcuM_CheckWakeup
 .mcal_text     0x340022ac      0x1f0 ./RTD/src/IntCtrl_Ip.o
                0x340022ac                IntCtrl_Ip_InstallHandlerPrivileged
                0x340022ce                IntCtrl_Ip_EnableIrqPrivileged
                0x340022e6                IntCtrl_Ip_DisableIrqPrivileged
                0x340022fe                IntCtrl_Ip_SetPriorityPrivileged
                0x3400230c                IntCtrl_Ip_GetPriorityPrivileged
                0x34002318                IntCtrl_Ip_ClearPendingPrivileged
                0x34002330                IntCtrl_Ip_SetTargetCoresPrivileged
                0x3400234c                IntCtrl_Ip_ClearDirectedCpuInterruptPrivileged
                0x3400236c                IntCtrl_Ip_GetDirectedCpuInterruptPrivileged
                0x34002390                IntCtrl_Ip_GenerateDirectedCpuInterruptPrivileged
                0x340023e0                IntCtrl_Ip_Init
                0x34002424                IntCtrl_Ip_ConfigIrqRouting
                0x34002458                IntCtrl_Ip_InstallHandler
                0x3400245c                IntCtrl_Ip_EnableIrq
                0x34002460                IntCtrl_Ip_DisableIrq
                0x34002464                IntCtrl_Ip_SetPriority
                0x34002472                IntCtrl_Ip_GetPriority
                0x3400247e                IntCtrl_Ip_ClearPending
                0x34002482                IntCtrl_Ip_SetTargetCores
                0x34002486                IntCtrl_Ip_ClearDirectedCpuInterrupt
                0x3400248a                IntCtrl_Ip_GetDirectedCpuInterrupt
                0x34002498                IntCtrl_Ip_GenerateDirectedCpuInterrupt
 .mcal_text     0x3400249c      0x188 ./RTD/src/Lin.o
                0x3400249c                Lin_Init
                0x340024e4                Lin_CheckWakeup
                0x34002508                Lin_GetStatus
                0x34002540                Lin_GoToSleep
                0x34002570                Lin_GoToSleepInternal
                0x3400259c                Lin_SendFrame
                0x340025cc                Lin_Wakeup
                0x340025f8                Lin_WakeupInternal
 .mcal_text     0x34002624      0x280 ./RTD/src/Lin_Ipw.o
                0x34002624                Lin_Ipw_CheckWakeup
                0x34002640                Lin_Ipw_InitChannel
                0x34002674                Lin_Ipw_SendFrame
                0x340026cc                Lin_Ipw_GoToSleep
                0x34002728                Lin_Ipw_GoToSleepInternal
                0x3400275c                Lin_Ipw_HardwareGetStatus
                0x34002788                Lin_Ipw_WakeUp
                0x34002798                Lin_Ipw_WakeUpInternal
                0x340027a8                Lin_Ipw_Callback
 .mcal_text     0x340028a4      0x888 ./RTD/src/Linflexd_Lin_Ip.o
                0x340029a0                Linflexd_Lin_Ip_Init
                0x34002adc                Linflexd_Lin_Ip_Deinit
                0x34002b0c                Linflexd_Lin_Ip_AbortTransferData
                0x34002b84                Linflexd_Lin_Ip_GetCurrentNodeState
                0x34002b9c                Linflexd_Lin_Ip_GetStatus
                0x34002c88                Linflexd_Lin_Ip_GoToSleepMode
                0x34002cf0                Linflexd_Lin_Ip_GotoIdleState
                0x34002d40                Linflexd_Lin_Ip_SendWakeupSignal
                0x34002d90                Linflexd_Lin_Ip_SendFrame
                0x34002ef0                Linflexd_Lin_Ip_TxRx_IRQHandler
                0x3400303c                Linflexd_Lin_Ip_Error_IRQHandler
 .mcal_text     0x3400312c       0x14 ./RTD/src/Linflexd_Lin_Ip_Autosar.o
                0x3400312c                Linflexd_Lin_Ip_CheckWakeup
 .mcal_text     0x34003140       0x36 ./RTD/src/Linflexd_Lin_Ip_Irq.o
                0x34003140                LIN_LINFLEXD0_IRQHandler
                0x34003152                LIN_LINFLEXD1_IRQHandler
                0x34003164                LIN_LINFLEXD2_IRQHandler
 *fill*         0x34003176        0x2 
 .mcal_text     0x34003178       0xcc ./RTD/src/Mcu.o
                0x34003178                Mcu_Init
                0x340031d0                Mcu_InitRamSection
                0x340031d4                Mcu_InitClock
                0x340031f8                Mcu_SetMode
                0x34003228                Mcu_DistributePllClock
                0x34003232                Mcu_GetPllStatus
                0x34003236                Mcu_GetResetReason
                0x3400323a                Mcu_GetResetRawValue
                0x3400323e                Mcu_SleepOnExit
 .mcal_text     0x34003244       0x50 ./RTD/src/Mcu_Ipw.o
                0x34003244                ClockNotificationsCallback
                0x34003246                Mcu_Ipw_Init
                0x34003260                Mcu_Ipw_InitClock
                0x34003264                Mcu_Ipw_DistributePllClock
                0x34003268                Mcu_Ipw_GetPllStatus
                0x3400327e                Mcu_Ipw_SetMode
                0x34003282                Mcu_Ipw_GetResetReason
                0x34003286                Mcu_Ipw_GetResetRawValue
                0x3400328a                Mcu_Ipw_SleepOnExit
 .mcal_text     0x34003294       0x1e ./RTD/src/OsIf_Timer.o
                0x34003294                OsIf_Init
                0x3400329c                OsIf_GetCounter
                0x340032a0                OsIf_GetElapsed
                0x340032a8                OsIf_SetTimerFrequency
                0x340032aa                OsIf_MicrosToTicks
 *fill*         0x340032b2        0x2 
 .mcal_text     0x340032b4       0x4c ./RTD/src/OsIf_Timer_System_Internal_Systick.o
                0x340032b4                OsIf_Timer_System_Internal_Init
                0x340032cc                OsIf_Timer_System_Internal_GetCounter
                0x340032dc                OsIf_Timer_System_Internal_GetElapsed
 .mcal_text     0x34003300       0xc0 ./RTD/src/Platform.o
                0x34003300                Platform_Init
                0x3400332c                Platform_SetIrq
                0x34003356                Platform_SetIrqPriority
                0x34003378                Platform_GetIrqPriority
                0x340033a2                Platform_InstallIrqHandler
 .mcal_text     0x340033c0       0x46 ./RTD/src/Platform_Ipw.o
                0x340033c0                Platform_Ipw_Init
                0x340033ca                Platform_Ipw_InitNonCore
 *fill*         0x34003406        0x2 
 .mcal_text     0x34003408       0xe0 ./RTD/src/Port.o
                0x34003408                Port_Init
                0x34003440                Port_SetPinDirection
                0x34003470                Port_SetPinMode
                0x3400349c                Port_RefreshPortDirection
                0x340034c8                Port_GetVersionInfo
 .mcal_text     0x340034e8      0x424 ./RTD/src/Port_Ipw.o
                0x340034e8                Port_Ipw_Init
                0x340035d4                Port_Ipw_SetPinDirection
                0x3400366c                Port_Ipw_SetGpioDirChangeability
                0x340036b4                Port_Ipw_SetGpioPadOutput
                0x340036e0                Port_Ipw_SetPinMode
                0x340038ac                Port_Ipw_RefreshPortDirection
 .mcal_text     0x3400390c       0x88 ./RTD/src/Power_Ip.o
                0x3400390c                Power_Ip_SetMode
                0x3400396c                Power_Ip_GetResetReason
                0x34003970                Power_Ip_GetResetRawValue
                0x34003974                Power_Ip_Init
                0x34003988                Power_Ip_InstallNotificationsCallback
 .mcal_text     0x34003994       0x60 ./RTD/src/Power_Ip_CortexM7.o
                0x34003994                Power_Ip_CM7_DisableSleepOnExit
                0x340039a6                Power_Ip_CM7_EnableSleepOnExit
                0x340039b8                Power_Ip_CortexM_WarmReset
                0x340039d0                Power_Ip_CM7_DisableDeepSleep
                0x340039e2                Power_Ip_CM7_EnableDeepSleep
 .mcal_text     0x340039f4      0x400 ./RTD/src/Power_Ip_MC_ME.o
                0x34003aec                Power_Ip_MC_ME_ConfigCoreCOFBClock
                0x34003d30                Power_Ip_MC_ME_EnablePartitionClock
                0x34003d5a                Power_Ip_MC_ME_DisablePartitionClock
                0x34003d84                Power_Ip_MC_ME_EnablePartitionOutputSafe
                0x34003dae                Power_Ip_MC_ME_DisablePartitionOutputSafe
                0x34003dd8                Power_Ip_MC_ME_SocTriggerResetEvent
 .mcal_text     0x34003df4      0x484 ./RTD/src/Power_Ip_MC_RGM.o
                0x34003eec                Power_Ip_MC_RGM_ResetInit
                0x34003f1c                Power_Ip_MC_RGM_ModeConfig
                0x34003fb8                Power_Ip_MC_RGM_CheckModeConfig
                0x340040c4                Power_Ip_MC_RGM_EnableResetDomain
                0x34004108                Power_Ip_MC_RGM_DisableResetDomain
                0x34004148                Power_Ip_MC_RGM_GetResetReason
                0x340041e4                Power_Ip_MC_RGM_GetResetRawValue
 .mcal_text     0x34004278       0x24 ./RTD/src/Power_Ip_MSCM.o
                0x34004278                Power_Ip_MSCM_GetPersonality
 .mcal_text     0x3400429c        0xc ./RTD/src/Power_Ip_PMC.o
                0x3400429c                Power_Ip_PMC_PowerInit
 .mcal_text     0x340042a8       0x4c ./RTD/src/Power_Ip_Private.o
                0x340042a8                Power_Ip_ReportPowerErrors
                0x340042b4                Power_Ip_ReportPowerErrorsEmptyCallback
                0x340042b6                Power_Ip_StartTimeout
                0x340042d6                Power_Ip_TimeoutExpired
 .mcal_text     0x340042f4       0xe0 ./RTD/src/Ram_Ip.o
                0x340042f4                Ram_Ip_InitRamSection
 .mcal_text     0x340043d4      0xb60 ./RTD/src/SchM_Lin.o
                0x340043d4                SchM_Enter_Lin_LIN_EXCLUSIVE_AREA_00
                0x3400440c                SchM_Exit_Lin_LIN_EXCLUSIVE_AREA_00
                0x3400443c                SchM_Enter_Lin_LIN_EXCLUSIVE_AREA_01
                0x34004474                SchM_Exit_Lin_LIN_EXCLUSIVE_AREA_01
                0x340044a4                SchM_Enter_Lin_LIN_EXCLUSIVE_AREA_02
                0x340044dc                SchM_Exit_Lin_LIN_EXCLUSIVE_AREA_02
                0x3400450c                SchM_Enter_Lin_LIN_EXCLUSIVE_AREA_03
                0x34004544                SchM_Exit_Lin_LIN_EXCLUSIVE_AREA_03
                0x34004574                SchM_Enter_Lin_LIN_EXCLUSIVE_AREA_04
                0x340045ac                SchM_Exit_Lin_LIN_EXCLUSIVE_AREA_04
                0x340045dc                SchM_Enter_Lin_LIN_EXCLUSIVE_AREA_05
                0x34004614                SchM_Exit_Lin_LIN_EXCLUSIVE_AREA_05
                0x34004644                SchM_Enter_Lin_LIN_EXCLUSIVE_AREA_06
                0x3400467c                SchM_Exit_Lin_LIN_EXCLUSIVE_AREA_06
                0x340046ac                SchM_Enter_Lin_LIN_EXCLUSIVE_AREA_07
                0x340046e4                SchM_Exit_Lin_LIN_EXCLUSIVE_AREA_07
                0x34004714                SchM_Enter_Lin_LIN_EXCLUSIVE_AREA_08
                0x3400474c                SchM_Exit_Lin_LIN_EXCLUSIVE_AREA_08
                0x3400477c                SchM_Enter_Lin_LIN_EXCLUSIVE_AREA_09
                0x340047b4                SchM_Exit_Lin_LIN_EXCLUSIVE_AREA_09
                0x340047e4                SchM_Enter_Lin_LIN_EXCLUSIVE_AREA_10
                0x3400481c                SchM_Exit_Lin_LIN_EXCLUSIVE_AREA_10
                0x3400484c                SchM_Enter_Lin_LIN_EXCLUSIVE_AREA_11
                0x34004884                SchM_Exit_Lin_LIN_EXCLUSIVE_AREA_11
                0x340048b4                SchM_Enter_Lin_LIN_EXCLUSIVE_AREA_12
                0x340048ec                SchM_Exit_Lin_LIN_EXCLUSIVE_AREA_12
                0x3400491c                SchM_Enter_Lin_LIN_EXCLUSIVE_AREA_13
                0x34004954                SchM_Exit_Lin_LIN_EXCLUSIVE_AREA_13
                0x34004984                SchM_Enter_Lin_LIN_EXCLUSIVE_AREA_14
                0x340049bc                SchM_Exit_Lin_LIN_EXCLUSIVE_AREA_14
                0x340049ec                SchM_Enter_Lin_LIN_EXCLUSIVE_AREA_15
                0x34004a24                SchM_Exit_Lin_LIN_EXCLUSIVE_AREA_15
                0x34004a54                SchM_Enter_Lin_LIN_EXCLUSIVE_AREA_16
                0x34004a8c                SchM_Exit_Lin_LIN_EXCLUSIVE_AREA_16
                0x34004abc                SchM_Enter_Lin_LIN_EXCLUSIVE_AREA_17
                0x34004af4                SchM_Exit_Lin_LIN_EXCLUSIVE_AREA_17
                0x34004b24                SchM_Enter_Lin_LIN_EXCLUSIVE_AREA_18
                0x34004b5c                SchM_Exit_Lin_LIN_EXCLUSIVE_AREA_18
                0x34004b8c                SchM_Enter_Lin_LIN_EXCLUSIVE_AREA_19
                0x34004bc4                SchM_Exit_Lin_LIN_EXCLUSIVE_AREA_19
                0x34004bf4                SchM_Enter_Lin_LIN_EXCLUSIVE_AREA_20
                0x34004c2c                SchM_Exit_Lin_LIN_EXCLUSIVE_AREA_20
                0x34004c5c                SchM_Enter_Lin_LIN_EXCLUSIVE_AREA_21
                0x34004c94                SchM_Exit_Lin_LIN_EXCLUSIVE_AREA_21
                0x34004cc4                SchM_Enter_Lin_LIN_EXCLUSIVE_AREA_22
                0x34004cfc                SchM_Exit_Lin_LIN_EXCLUSIVE_AREA_22
                0x34004d2c                SchM_Enter_Lin_LIN_EXCLUSIVE_AREA_23
                0x34004d64                SchM_Exit_Lin_LIN_EXCLUSIVE_AREA_23
                0x34004d94                SchM_Enter_Lin_LIN_EXCLUSIVE_AREA_24
                0x34004dcc                SchM_Exit_Lin_LIN_EXCLUSIVE_AREA_24
                0x34004dfc                SchM_Enter_Lin_LIN_EXCLUSIVE_AREA_25
                0x34004e34                SchM_Exit_Lin_LIN_EXCLUSIVE_AREA_25
                0x34004e64                SchM_Enter_Lin_LIN_EXCLUSIVE_AREA_26
                0x34004e9c                SchM_Exit_Lin_LIN_EXCLUSIVE_AREA_26
                0x34004ecc                SchM_Enter_Lin_LIN_EXCLUSIVE_AREA_27
                0x34004f04                SchM_Exit_Lin_LIN_EXCLUSIVE_AREA_27
 .mcal_text     0x34004f34      0x138 ./RTD/src/SchM_Mcu.o
                0x34004f34                SchM_Enter_Mcu_MCU_EXCLUSIVE_AREA_00
                0x34004f6c                SchM_Exit_Mcu_MCU_EXCLUSIVE_AREA_00
                0x34004f9c                SchM_Enter_Mcu_MCU_EXCLUSIVE_AREA_01
                0x34004fd4                SchM_Exit_Mcu_MCU_EXCLUSIVE_AREA_01
                0x34005004                SchM_Enter_Mcu_MCU_EXCLUSIVE_AREA_02
                0x3400503c                SchM_Exit_Mcu_MCU_EXCLUSIVE_AREA_02
 .mcal_text     0x3400506c      0xb60 ./RTD/src/SchM_Port.o
                0x3400506c                SchM_Enter_Port_PORT_EXCLUSIVE_AREA_00
                0x340050a4                SchM_Exit_Port_PORT_EXCLUSIVE_AREA_00
                0x340050d4                SchM_Enter_Port_PORT_EXCLUSIVE_AREA_01
                0x3400510c                SchM_Exit_Port_PORT_EXCLUSIVE_AREA_01
                0x3400513c                SchM_Enter_Port_PORT_EXCLUSIVE_AREA_02
                0x34005174                SchM_Exit_Port_PORT_EXCLUSIVE_AREA_02
                0x340051a4                SchM_Enter_Port_PORT_EXCLUSIVE_AREA_03
                0x340051dc                SchM_Exit_Port_PORT_EXCLUSIVE_AREA_03
                0x3400520c                SchM_Enter_Port_PORT_EXCLUSIVE_AREA_04
                0x34005244                SchM_Exit_Port_PORT_EXCLUSIVE_AREA_04
                0x34005274                SchM_Enter_Port_PORT_EXCLUSIVE_AREA_05
                0x340052ac                SchM_Exit_Port_PORT_EXCLUSIVE_AREA_05
                0x340052dc                SchM_Enter_Port_PORT_EXCLUSIVE_AREA_06
                0x34005314                SchM_Exit_Port_PORT_EXCLUSIVE_AREA_06
                0x34005344                SchM_Enter_Port_PORT_EXCLUSIVE_AREA_07
                0x3400537c                SchM_Exit_Port_PORT_EXCLUSIVE_AREA_07
                0x340053ac                SchM_Enter_Port_PORT_EXCLUSIVE_AREA_08
                0x340053e4                SchM_Exit_Port_PORT_EXCLUSIVE_AREA_08
                0x34005414                SchM_Enter_Port_PORT_EXCLUSIVE_AREA_09
                0x3400544c                SchM_Exit_Port_PORT_EXCLUSIVE_AREA_09
                0x3400547c                SchM_Enter_Port_PORT_EXCLUSIVE_AREA_10
                0x340054b4                SchM_Exit_Port_PORT_EXCLUSIVE_AREA_10
                0x340054e4                SchM_Enter_Port_PORT_EXCLUSIVE_AREA_11
                0x3400551c                SchM_Exit_Port_PORT_EXCLUSIVE_AREA_11
                0x3400554c                SchM_Enter_Port_PORT_EXCLUSIVE_AREA_12
                0x34005584                SchM_Exit_Port_PORT_EXCLUSIVE_AREA_12
                0x340055b4                SchM_Enter_Port_PORT_EXCLUSIVE_AREA_13
                0x340055ec                SchM_Exit_Port_PORT_EXCLUSIVE_AREA_13
                0x3400561c                SchM_Enter_Port_PORT_EXCLUSIVE_AREA_14
                0x34005654                SchM_Exit_Port_PORT_EXCLUSIVE_AREA_14
                0x34005684                SchM_Enter_Port_PORT_EXCLUSIVE_AREA_15
                0x340056bc                SchM_Exit_Port_PORT_EXCLUSIVE_AREA_15
                0x340056ec                SchM_Enter_Port_PORT_EXCLUSIVE_AREA_16
                0x34005724                SchM_Exit_Port_PORT_EXCLUSIVE_AREA_16
                0x34005754                SchM_Enter_Port_PORT_EXCLUSIVE_AREA_17
                0x3400578c                SchM_Exit_Port_PORT_EXCLUSIVE_AREA_17
                0x340057bc                SchM_Enter_Port_PORT_EXCLUSIVE_AREA_18
                0x340057f4                SchM_Exit_Port_PORT_EXCLUSIVE_AREA_18
                0x34005824                SchM_Enter_Port_PORT_EXCLUSIVE_AREA_19
                0x3400585c                SchM_Exit_Port_PORT_EXCLUSIVE_AREA_19
                0x3400588c                SchM_Enter_Port_PORT_EXCLUSIVE_AREA_20
                0x340058c4                SchM_Exit_Port_PORT_EXCLUSIVE_AREA_20
                0x340058f4                SchM_Enter_Port_PORT_EXCLUSIVE_AREA_21
                0x3400592c                SchM_Exit_Port_PORT_EXCLUSIVE_AREA_21
                0x3400595c                SchM_Enter_Port_PORT_EXCLUSIVE_AREA_22
                0x34005994                SchM_Exit_Port_PORT_EXCLUSIVE_AREA_22
                0x340059c4                SchM_Enter_Port_PORT_EXCLUSIVE_AREA_23
                0x340059fc                SchM_Exit_Port_PORT_EXCLUSIVE_AREA_23
                0x34005a2c                SchM_Enter_Port_PORT_EXCLUSIVE_AREA_24
                0x34005a64                SchM_Exit_Port_PORT_EXCLUSIVE_AREA_24
                0x34005a94                SchM_Enter_Port_PORT_EXCLUSIVE_AREA_25
                0x34005acc                SchM_Exit_Port_PORT_EXCLUSIVE_AREA_25
                0x34005afc                SchM_Enter_Port_PORT_EXCLUSIVE_AREA_26
                0x34005b34                SchM_Exit_Port_PORT_EXCLUSIVE_AREA_26
                0x34005b64                SchM_Enter_Port_PORT_EXCLUSIVE_AREA_27
                0x34005b9c                SchM_Exit_Port_PORT_EXCLUSIVE_AREA_27
 .mcal_text     0x34005bcc      0x36c ./RTD/src/Siul2_Port_Ip.o
                0x34005ca8                Siul2_Port_Ip_Init
                0x34005cd4                Siul2_Port_Ip_SetPullSel
                0x34005d16                Siul2_Port_Ip_SetOutputBuffer
                0x34005d66                Siul2_Port_Ip_SetInputBuffer
                0x34005dca                Siul2_Port_Ip_SetPinDirection
                0x34005e2c                Siul2_Port_Ip_RevertPinConfiguration
                0x34005e88                Siul2_Port_Ip_GetPinConfiguration
 .mcal_text     0x34005f38       0x54 ./RTD/src/System_Ip.o
                0x34005f38                System_Ip_SetAhbSlavePriority
                0x34005f50                System_Ip_ConfigIrq
                0x34005f74                System_Ip_ClearWriteAbortFlag
                0x34005f80                System_Ip_GetPlatformRevision
                0x34005f8c                . = ALIGN (0x4)
 *(.init)
                0x34005f8c                . = ALIGN (0x4)
 *(.fini)
                0x34005f8c                . = ALIGN (0x4)
 *(.rodata)
 .rodata        0x34005f8c       0x60 ./Project_Settings/Startup_Code/system.o
 .rodata        0x34005fec        0xd ./RTD/src/Lin_Ipw.o
 .rodata        0x34005ff9       0x14 ./board/dcd_config.o
                0x34005ff9                dcd_commands
 .rodata        0x3400600d      0x100 ./board/ivt_config.o
                0x3400600d                ivt_binary
 .rodata        0x3400610d      0x200 ./board/quadspi_config.o
                0x3400610d                quadspi_binary
 *fill*         0x3400630d        0x3 
 .rodata        0x34006310        0xc ./generate/src/Lin_Ipw_BOARD_InitPeripherals_PBcfg.o
                0x34006310                Lin_Ipw_pHwConfigPB_0_BOARD_INITPERIPHERALS
 .rodata        0x3400631c       0x1c ./generate/src/Linflexd_Lin_Ip_BOARD_InitPeripherals_PBcfg.o
                0x3400631c                Linflexd_Lin_Ip_pHwConfigPB_0_BOARD_INITPERIPHERALS
 .rodata        0x34006338       0x14 ./src/main.o
                0x34006338                T_Lin_Frame
 *(.rodata*)
                0x3400634c                . = ALIGN (0x4)
 *(.mcal_const_cfg)
 .mcal_const_cfg
                0x3400634c      0xe5c ./generate/IntCtrl_Ip/IntCtrl_Ip_Cfg.o
                0x3400634c                intRouteConfig
                0x34006be8                intCtrlConfig
 .mcal_const_cfg
                0x340071a8      0x734 ./generate/src/Clock_Ip_BOARD_InitPeripherals_PBcfg.o
                0x340071a8                Mcu_aClockConfigPB
 .mcal_const_cfg
                0x340078dc       0x1c ./generate/src/Lin_BOARD_InitPeripherals_PBcfg.o
                0x340078dc                Lin_PBCfgVariantPredefined
                0x340078e8                Lin_LinChannel_0_BOARD_INITPERIPHERALS_UnAllocatedPar
 .mcal_const_cfg
                0x340078f8       0x1c ./generate/src/Mcu_BOARD_InitPeripherals_PBcfg.o
                0x340078f8                Mcu_PreCompileConfig
 .mcal_const_cfg
                0x34007914        0xc ./generate/src/Platform_Cfg.o
                0x34007914                Platform_Config
 .mcal_const_cfg
                0x34007920        0xc ./generate/src/Platform_Ipw_Cfg.o
                0x34007920                ipwNonCoreConfig
                0x34007924                ipwConfig
 .mcal_const_cfg
                0x3400792c      0x515 ./generate/src/Port_BOARD_InitPeripherals_PBcfg.o
                0x3400792c                Port_Config
                0x34007e40                au8Port_PartitionList_BOARD_InitPeripherals
 *fill*         0x34007e41        0x3 
 .mcal_const_cfg
                0x34007e44      0x1d0 ./generate/src/Power_Ip_BOARD_InitPeripherals_PBcfg.o
                0x34007e44                Power_Ip_HwIPsConfigPB
                0x34007e5c                Power_Ip_aModeConfigPB
                0x34007f34                Power_Ip_MC_ME_ModeConfigPB_0
 .mcal_const_cfg
                0x34008014       0xd8 ./generate/src/Siul2_Port_Ip_BOARD_InitPeripherals_PBcfg.o
                0x34008014                g_pin_mux_InitConfigArr_BOARD_InitPeripherals
                0x340080ec                . = ALIGN (0x4)
 *(.mcal_const)
 .mcal_const    0x340080ec     0x1195 ./RTD/src/Clock_Ip_Data.o
                0x340080ec                Clock_Ip_axGateInfo
                0x3400811c                Clock_Ip_axFeatureExtensions
                0x340082fc                Clock_Ip_aeHwDfsName
                0x3400832c                Clock_Ip_aeHwPllName
                0x3400833c                Clock_Ip_aeSourceTypeClockName
                0x3400846c                Clock_Ip_apxMcMeTriggerPartitions
                0x3400847c                Clock_Ip_apxMcMeGetPartitions
                0x3400848c                Clock_Ip_apxMcMeSetPartitions
                0x3400849c                Clock_Ip_axCmuInfo
                0x340087dc                Clock_Ip_aeCmuNames
                0x34008848                Clock_Ip_apxCmu
                0x340088b4                Clock_Ip_apxDfs
                0x340088bc                Clock_Ip_pxPll
                0x340088cc                Clock_Ip_apxXosc
                0x340088d0                Clock_Ip_apxCgmPcfs
                0x340088e8                Clock_Ip_apxCgm
                0x34008a80                Clock_Ip_au16SelectorEntryRtcHardwareValue
                0x34008b16                Clock_Ip_au16SelectorEntryHardwareValue
                0x34008bac                Clock_Ip_au8ClockFeatures
                0x34009209                Clock_Ip_au8CmuCallbackIndex
                0x34009215                Clock_Ip_au8PcfsCallbackIndex
                0x34009221                Clock_Ip_au8SelectorCallbackIndex
                0x3400922d                Clock_Ip_au8PllCallbackIndex
                0x34009239                Clock_Ip_au8FractionalDividerCallbackIndex
                0x34009245                Clock_Ip_au8GateCallbackIndex
                0x34009251                Clock_Ip_au8IrcoscCallbackIndex
                0x3400925d                Clock_Ip_au8XoscCallbackIndex
                0x34009269                Clock_Ip_au8DividerTriggerCallbackIndex
                0x34009275                Clock_Ip_au8DividerCallbackIndex
 *fill*         0x34009281        0x3 
 .mcal_const    0x34009284       0x10 ./RTD/src/Clock_Ip_Divider.o
                0x34009284                Clock_Ip_axDividerCallbacks
 .mcal_const    0x34009294        0x8 ./RTD/src/Clock_Ip_DividerTrigger.o
                0x34009294                Clock_Ip_axDividerTriggerCallbacks
 .mcal_const    0x3400929c       0x28 ./RTD/src/Clock_Ip_ExtOsc.o
                0x3400929c                Clock_Ip_axExtOscCallbacks
 .mcal_const    0x340092c4       0x18 ./RTD/src/Clock_Ip_FracDiv.o
                0x340092c4                Clock_Ip_axFracDivCallbacks
 .mcal_const    0x340092dc       0x10 ./RTD/src/Clock_Ip_Gate.o
                0x340092dc                Clock_Ip_axGateCallbacks
 .mcal_const    0x340092ec        0xc ./RTD/src/Clock_Ip_IntOsc.o
                0x340092ec                Clock_Ip_axIntOscCallbacks
 .mcal_const    0x340092f8       0x30 ./RTD/src/Clock_Ip_Monitor.o
                0x340092f8                Clock_Ip_axCmuCallbacks
 .mcal_const    0x34009328       0x3c ./RTD/src/Clock_Ip_Pll.o
                0x34009328                Clock_Ip_axPllCallbacks
 .mcal_const    0x34009364        0x8 ./RTD/src/Clock_Ip_ProgFreqSwitch.o
                0x34009364                Clock_Ip_axPcfsCallbacks
 .mcal_const    0x3400936c       0x30 ./RTD/src/Clock_Ip_Selector.o
                0x3400936c                Clock_Ip_axSelectorCallbacks
 .mcal_const    0x3400939c        0xc ./RTD/src/Linflexd_Lin_Ip.o
                0x3400939c                Linflexd_Lin_Ip_apxBases
 .mcal_const    0x340093a8        0x8 ./RTD/src/Siul2_Port_Ip.o
                0x340093a8                Port_au32Siul2BaseAddr
 .mcal_const    0x340093b0     0x12de ./generate/src/Port_Cfg.o
                0x340093b0                Port_apInoutMuxSettings
                0x340093b8                Port_apInMuxSettingsIndex
                0x340093c0                Port_apInMuxSettings
                0x340093c8                Port_apSiul2InstancePinModeAvailability
                0x340093d0                Port_au16NumInoutMuxSettings
                0x3400a690                . = ALIGN (0x4)
 *fill*         0x3400a68e        0x2 
                0x3400a690                __init_table = .
 *(.init_table)
 .init_table    0x3400a690       0x34 ./Project_Settings/Startup_Code/startup_cm7.o
                0x3400a6c4                . = ALIGN (0x4)
                0x3400a6c4                __zero_table = .
 *(.zero_table)
 .zero_table    0x3400a6c4       0x1c ./Project_Settings/Startup_Code/startup_cm7.o
                0x3400a6e0                . = ALIGN (0x4)
 *(.acfls_code_rom)
                0x3400a6e0                . = ALIGN (0x4)
 *(.aceep_code_rom)
                0x3400a6e0                . = ALIGN (0x4)
 *(.acmcu_code_rom)
                0x3400a6e0                . = ALIGN (0x4)
 *(.ramcode)
                0x3400a6e0                . = ALIGN (0x4)
 *(.data)
 .data          0x3400a6e0        0x0 ./Project_Settings/Startup_Code/Vector_Table.o
 .data          0x3400a6e0        0x0 ./Project_Settings/Startup_Code/exceptions.o
 .data          0x3400a6e0        0x0 ./Project_Settings/Startup_Code/nvic.o
 .data          0x3400a6e0        0x0 ./Project_Settings/Startup_Code/startup.o
 .data          0x3400a6e0        0x0 ./Project_Settings/Startup_Code/startup_cm7.o
 .data          0x3400a6e0        0x0 ./Project_Settings/Startup_Code/system.o
 .data          0x3400a6e0        0x0 ./RTD/src/Clock_Ip.o
 .data          0x3400a6e0        0x0 ./RTD/src/Clock_Ip_Data.o
 .data          0x3400a6e0        0x0 ./RTD/src/Clock_Ip_Data1.o
 .data          0x3400a6e0        0x0 ./RTD/src/Clock_Ip_Data2.o
 .data          0x3400a6e0        0x0 ./RTD/src/Clock_Ip_Divider.o
 .data          0x3400a6e0        0x0 ./RTD/src/Clock_Ip_DividerTrigger.o
 .data          0x3400a6e0        0x0 ./RTD/src/Clock_Ip_ExtOsc.o
 .data          0x3400a6e0        0x0 ./RTD/src/Clock_Ip_FracDiv.o
 .data          0x3400a6e0        0x0 ./RTD/src/Clock_Ip_Frequency.o
 .data          0x3400a6e0        0x0 ./RTD/src/Clock_Ip_Frequency1.o
 .data          0x3400a6e0        0x0 ./RTD/src/Clock_Ip_Frequency2.o
 .data          0x3400a6e0        0x0 ./RTD/src/Clock_Ip_Gate.o
 .data          0x3400a6e0        0x0 ./RTD/src/Clock_Ip_IntOsc.o
 .data          0x3400a6e0        0x0 ./RTD/src/Clock_Ip_Irq.o
 .data          0x3400a6e0        0x0 ./RTD/src/Clock_Ip_Monitor.o
 .data          0x3400a6e0        0x0 ./RTD/src/Clock_Ip_Pll.o
 .data          0x3400a6e0        0x0 ./RTD/src/Clock_Ip_ProgFreqSwitch.o
 .data          0x3400a6e0        0x0 ./RTD/src/Clock_Ip_Selector.o
 .data          0x3400a6e0        0x0 ./RTD/src/Clock_Ip_Specific.o
 .data          0x3400a6e0        0x0 ./RTD/src/Clock_Ip_Specific1.o
 .data          0x3400a6e0        0x0 ./RTD/src/Clock_Ip_Specific2.o
 .data          0x3400a6e0        0x0 ./RTD/src/Dem.o
 .data          0x3400a6e0        0x0 ./RTD/src/Dem_stub.o
 .data          0x3400a6e0        0x0 ./RTD/src/Det.o
 .data          0x3400a6e0        0x0 ./RTD/src/Det_stub.o
 .data          0x3400a6e0        0x0 ./RTD/src/EcuM.o
 .data          0x3400a6e0        0x0 ./RTD/src/IntCtrl_Ip.o
 .data          0x3400a6e0        0x0 ./RTD/src/Lin.o
 .data          0x3400a6e0        0x0 ./RTD/src/LinIf.o
 .data          0x3400a6e0        0x0 ./RTD/src/Lin_ASRExt.o
 .data          0x3400a6e0        0x0 ./RTD/src/Lin_Ipw.o
 .data          0x3400a6e0        0x0 ./RTD/src/Linflexd_Lin_Ip.o
 .data          0x3400a6e0        0x0 ./RTD/src/Linflexd_Lin_Ip_Autosar.o
 .data          0x3400a6e0        0x0 ./RTD/src/Linflexd_Lin_Ip_Irq.o
 .data          0x3400a6e0        0x0 ./RTD/src/Mcu.o
 .data          0x3400a6e0        0x0 ./RTD/src/Mcu_Dem_Wrapper.o
 .data          0x3400a6e0        0x0 ./RTD/src/Mcu_Ipw.o
 .data          0x3400a6e0        0x0 ./RTD/src/OsIf_Interrupts.o
 .data          0x3400a6e0        0x0 ./RTD/src/OsIf_Timer.o
 .data          0x3400a6e0        0x0 ./RTD/src/OsIf_Timer_System.o
 .data          0x3400a6e0        0x0 ./RTD/src/OsIf_Timer_System_Internal_Systick.o
 .data          0x3400a6e0        0x0 ./RTD/src/Platform.o
 .data          0x3400a6e0        0x0 ./RTD/src/Platform_Ipw.o
 .data          0x3400a6e0        0x0 ./RTD/src/Port.o
 .data          0x3400a6e0        0x0 ./RTD/src/Port_Ipw.o
 .data          0x3400a6e0        0x0 ./RTD/src/Power_Ip.o
 .data          0x3400a6e0        0x0 ./RTD/src/Power_Ip_CortexA.o
 .data          0x3400a6e0        0x0 ./RTD/src/Power_Ip_CortexM7.o
 .data          0x3400a6e0        0x0 ./RTD/src/Power_Ip_MC_ME.o
 .data          0x3400a6e0        0x0 ./RTD/src/Power_Ip_MC_RGM.o
 .data          0x3400a6e0        0x0 ./RTD/src/Power_Ip_MC_RGM_Irq.o
 .data          0x3400a6e0        0x0 ./RTD/src/Power_Ip_MSCM.o
 .data          0x3400a6e0        0x0 ./RTD/src/Power_Ip_PMC.o
 .data          0x3400a6e0        0x0 ./RTD/src/Power_Ip_Private.o
 .data          0x3400a6e0        0x0 ./RTD/src/Ram_Ip.o
 .data          0x3400a6e0        0x0 ./RTD/src/SchM_Lin.o
 .data          0x3400a6e0        0x0 ./RTD/src/SchM_Mcu.o
 .data          0x3400a6e0        0x0 ./RTD/src/SchM_Port.o
 .data          0x3400a6e0        0x0 ./RTD/src/Siul2_Port_Ip.o
 .data          0x3400a6e0        0x0 ./RTD/src/System_Ip.o
 .data          0x3400a6e0        0x0 ./board/Siul2_Port_Ip_Cfg.o
 .data          0x3400a6e0        0x0 ./board/dcd_config.o
 .data          0x3400a6e0        0x0 ./board/ivt_config.o
 .data          0x3400a6e0        0x0 ./board/quadspi_config.o
 .data          0x3400a6e0        0x0 ./generate/IntCtrl_Ip/IntCtrl_Ip_Cfg.o
 .data          0x3400a6e0        0x0 ./generate/src/Clock_Ip_BOARD_InitPeripherals_PBcfg.o
 .data          0x3400a6e0        0x0 ./generate/src/Clock_Ip_Cfg.o
 .data          0x3400a6e0        0x0 ./generate/src/Lin_BOARD_InitPeripherals_PBcfg.o
 .data          0x3400a6e0        0x0 ./generate/src/Lin_Cfg.o
 .data          0x3400a6e0        0x0 ./generate/src/Lin_Ipw_BOARD_InitPeripherals_PBcfg.o
 .data          0x3400a6e0        0x0 ./generate/src/Linflexd_Lin_Ip_BOARD_InitPeripherals_PBcfg.o
 .data          0x3400a6e0        0x0 ./generate/src/Mcu_BOARD_InitPeripherals_PBcfg.o
 .data          0x3400a6e0        0x0 ./generate/src/Mcu_Cfg.o
 .data          0x3400a6e0        0x0 ./generate/src/OsIf_Cfg.o
 .data          0x3400a6e0        0x0 ./generate/src/Platform_Cfg.o
 .data          0x3400a6e0        0x0 ./generate/src/Platform_Ipw_Cfg.o
 .data          0x3400a6e0        0x0 ./generate/src/Port_BOARD_InitPeripherals_PBcfg.o
 .data          0x3400a6e0        0x0 ./generate/src/Port_Cfg.o
 .data          0x3400a6e0        0x0 ./generate/src/Power_Ip_BOARD_InitPeripherals_PBcfg.o
 .data          0x3400a6e0        0x0 ./generate/src/Power_Ip_Cfg.o
 .data          0x3400a6e0        0x0 ./generate/src/Ram_Ip_BOARD_InitPeripherals_PBcfg.o
 .data          0x3400a6e0        0x0 ./generate/src/Ram_Ip_Cfg.o
 .data          0x3400a6e0        0x0 ./generate/src/Siul2_Port_Ip_BOARD_InitPeripherals_PBcfg.o
 .data          0x3400a6e0        0x3 ./src/main.o
                0x3400a6e0                T_Lin_Data
 *(.data*)
                0x3400a6e4                . = ALIGN (0x4)
 *fill*         0x3400a6e3        0x1 
 *(.mcal_data)
 .mcal_data     0x3400a6e4        0x4 ./RTD/src/Clock_Ip.o
 .mcal_data     0x3400a6e8        0x1 ./RTD/src/Lin.o
                0x3400a6e8                Lin_au8LinDrvStatus
 *fill*         0x3400a6e9        0x3 
 .mcal_data     0x3400a6ec        0x4 ./RTD/src/Power_Ip.o
                0x3400a6ec                Power_Ip_pfReportErrorsCallback
                0x3400a6f0                . = ALIGN (0x10)
                0x3400a6f0                __sram_bss_start = .
 *(.bss)
 .bss           0x3400a6f0        0x0 ./Project_Settings/Startup_Code/Vector_Table.o
 .bss           0x3400a6f0        0x0 ./Project_Settings/Startup_Code/exceptions.o
 .bss           0x3400a6f0        0x0 ./Project_Settings/Startup_Code/nvic.o
 .bss           0x3400a6f0        0x0 ./Project_Settings/Startup_Code/startup.o
 .bss           0x3400a6f0        0x0 ./Project_Settings/Startup_Code/startup_cm7.o
 .bss           0x3400a6f0        0x0 ./Project_Settings/Startup_Code/system.o
 .bss           0x3400a6f0        0x1 ./RTD/src/Clock_Ip.o
 .bss           0x3400a6f1        0x0 ./RTD/src/Clock_Ip_Data.o
 .bss           0x3400a6f1        0x0 ./RTD/src/Clock_Ip_Data1.o
 .bss           0x3400a6f1        0x0 ./RTD/src/Clock_Ip_Data2.o
 .bss           0x3400a6f1        0x0 ./RTD/src/Clock_Ip_Divider.o
 .bss           0x3400a6f1        0x0 ./RTD/src/Clock_Ip_DividerTrigger.o
 .bss           0x3400a6f1        0x0 ./RTD/src/Clock_Ip_ExtOsc.o
 .bss           0x3400a6f1        0x0 ./RTD/src/Clock_Ip_FracDiv.o
 .bss           0x3400a6f1        0x0 ./RTD/src/Clock_Ip_Frequency.o
 .bss           0x3400a6f1        0x0 ./RTD/src/Clock_Ip_Frequency1.o
 .bss           0x3400a6f1        0x0 ./RTD/src/Clock_Ip_Frequency2.o
 .bss           0x3400a6f1        0x0 ./RTD/src/Clock_Ip_Gate.o
 .bss           0x3400a6f1        0x0 ./RTD/src/Clock_Ip_IntOsc.o
 .bss           0x3400a6f1        0x0 ./RTD/src/Clock_Ip_Irq.o
 *fill*         0x3400a6f1        0x3 
 .bss           0x3400a6f4       0xd0 ./RTD/src/Clock_Ip_Monitor.o
 .bss           0x3400a7c4        0x0 ./RTD/src/Clock_Ip_Pll.o
 .bss           0x3400a7c4       0xd0 ./RTD/src/Clock_Ip_ProgFreqSwitch.o
 .bss           0x3400a894        0x0 ./RTD/src/Clock_Ip_Selector.o
 .bss           0x3400a894        0x0 ./RTD/src/Clock_Ip_Specific.o
 .bss           0x3400a894        0x0 ./RTD/src/Clock_Ip_Specific1.o
 .bss           0x3400a894        0x0 ./RTD/src/Clock_Ip_Specific2.o
 .bss           0x3400a894        0x0 ./RTD/src/Dem.o
 .bss           0x3400a894        0x0 ./RTD/src/Dem_stub.o
 .bss           0x3400a894        0x0 ./RTD/src/Det.o
 .bss           0x3400a894        0x0 ./RTD/src/Det_stub.o
 .bss           0x3400a894        0x0 ./RTD/src/EcuM.o
 .bss           0x3400a894        0x0 ./RTD/src/IntCtrl_Ip.o
 .bss           0x3400a894        0x0 ./RTD/src/Lin.o
 .bss           0x3400a894        0x0 ./RTD/src/LinIf.o
 .bss           0x3400a894        0x0 ./RTD/src/Lin_ASRExt.o
 .bss           0x3400a894        0x0 ./RTD/src/Lin_Ipw.o
 .bss           0x3400a894        0x0 ./RTD/src/Linflexd_Lin_Ip.o
 .bss           0x3400a894        0x0 ./RTD/src/Linflexd_Lin_Ip_Autosar.o
 .bss           0x3400a894        0x0 ./RTD/src/Linflexd_Lin_Ip_Irq.o
 .bss           0x3400a894        0x0 ./RTD/src/Mcu.o
 .bss           0x3400a894        0x0 ./RTD/src/Mcu_Dem_Wrapper.o
 .bss           0x3400a894        0x0 ./RTD/src/Mcu_Ipw.o
 .bss           0x3400a894        0x0 ./RTD/src/OsIf_Interrupts.o
 .bss           0x3400a894        0x0 ./RTD/src/OsIf_Timer.o
 .bss           0x3400a894        0x0 ./RTD/src/OsIf_Timer_System.o
 .bss           0x3400a894        0x0 ./RTD/src/OsIf_Timer_System_Internal_Systick.o
 .bss           0x3400a894        0x0 ./RTD/src/Platform.o
 .bss           0x3400a894        0x0 ./RTD/src/Platform_Ipw.o
 .bss           0x3400a894        0x0 ./RTD/src/Port.o
 .bss           0x3400a894        0x0 ./RTD/src/Port_Ipw.o
 .bss           0x3400a894        0x0 ./RTD/src/Power_Ip.o
 .bss           0x3400a894        0x0 ./RTD/src/Power_Ip_CortexA.o
 .bss           0x3400a894        0x0 ./RTD/src/Power_Ip_CortexM7.o
 .bss           0x3400a894        0x0 ./RTD/src/Power_Ip_MC_ME.o
 .bss           0x3400a894        0x0 ./RTD/src/Power_Ip_MC_RGM.o
 .bss           0x3400a894        0x0 ./RTD/src/Power_Ip_MC_RGM_Irq.o
 .bss           0x3400a894        0x0 ./RTD/src/Power_Ip_MSCM.o
 .bss           0x3400a894        0x0 ./RTD/src/Power_Ip_PMC.o
 .bss           0x3400a894        0x0 ./RTD/src/Power_Ip_Private.o
 .bss           0x3400a894        0x0 ./RTD/src/Ram_Ip.o
 .bss           0x3400a894        0x0 ./RTD/src/SchM_Lin.o
 .bss           0x3400a894        0x0 ./RTD/src/SchM_Mcu.o
 .bss           0x3400a894        0x0 ./RTD/src/SchM_Port.o
 .bss           0x3400a894        0x0 ./RTD/src/Siul2_Port_Ip.o
 .bss           0x3400a894        0x0 ./RTD/src/System_Ip.o
 .bss           0x3400a894        0x0 ./board/Siul2_Port_Ip_Cfg.o
 .bss           0x3400a894        0x0 ./board/dcd_config.o
 .bss           0x3400a894        0x0 ./board/ivt_config.o
 .bss           0x3400a894        0x0 ./board/quadspi_config.o
 .bss           0x3400a894        0x0 ./generate/IntCtrl_Ip/IntCtrl_Ip_Cfg.o
 .bss           0x3400a894        0x0 ./generate/src/Clock_Ip_BOARD_InitPeripherals_PBcfg.o
 .bss           0x3400a894        0x0 ./generate/src/Clock_Ip_Cfg.o
 .bss           0x3400a894        0x0 ./generate/src/Lin_BOARD_InitPeripherals_PBcfg.o
 .bss           0x3400a894        0x0 ./generate/src/Lin_Cfg.o
 .bss           0x3400a894        0x0 ./generate/src/Lin_Ipw_BOARD_InitPeripherals_PBcfg.o
 .bss           0x3400a894        0x0 ./generate/src/Linflexd_Lin_Ip_BOARD_InitPeripherals_PBcfg.o
 .bss           0x3400a894        0x0 ./generate/src/Mcu_BOARD_InitPeripherals_PBcfg.o
 .bss           0x3400a894        0x0 ./generate/src/Mcu_Cfg.o
 .bss           0x3400a894        0x0 ./generate/src/OsIf_Cfg.o
 .bss           0x3400a894        0x0 ./generate/src/Platform_Cfg.o
 .bss           0x3400a894        0x0 ./generate/src/Platform_Ipw_Cfg.o
 .bss           0x3400a894        0x0 ./generate/src/Port_BOARD_InitPeripherals_PBcfg.o
 .bss           0x3400a894        0x0 ./generate/src/Port_Cfg.o
 .bss           0x3400a894        0x0 ./generate/src/Power_Ip_BOARD_InitPeripherals_PBcfg.o
 .bss           0x3400a894        0x0 ./generate/src/Power_Ip_Cfg.o
 .bss           0x3400a894        0x0 ./generate/src/Ram_Ip_BOARD_InitPeripherals_PBcfg.o
 .bss           0x3400a894        0x0 ./generate/src/Ram_Ip_Cfg.o
 .bss           0x3400a894        0x0 ./generate/src/Siul2_Port_Ip_BOARD_InitPeripherals_PBcfg.o
 .bss           0x3400a894        0x8 ./src/main.o
 *(.bss*)
                0x3400a8a0                . = ALIGN (0x10)
 *fill*         0x3400a89c        0x4 
 *(.mcal_bss)
 .mcal_bss      0x3400a8a0        0x4 ./Project_Settings/Startup_Code/system.o
                0x3400a8a0                RESET_CATCH_CORE
 .mcal_bss      0x3400a8a4        0x9 ./RTD/src/Clock_Ip.o
                0x3400a8a8                Clock_Ip_pxConfig
 *fill*         0x3400a8ad        0x3 
 .mcal_bss      0x3400a8b0        0x4 ./RTD/src/EcuM.o
                0x3400a8b0                EcuMLastWakeupEvent
 .mcal_bss      0x3400a8b4        0xc ./RTD/src/Lin.o
                0x3400a8b4                Lin_au8LinChStatus
                0x3400a8b8                Lin_apChannelConfigPtr
                0x3400a8bc                Lin_apConfigPtr
 .mcal_bss      0x3400a8c0        0xb ./RTD/src/Lin_Ipw.o
 *fill*         0x3400a8cb        0x1 
 .mcal_bss      0x3400a8cc       0xb4 ./RTD/src/Linflexd_Lin_Ip.o
                0x3400a920                Linflexd_Lin_Ip_axStateStructure
 .mcal_bss      0x3400a980        0x9 ./RTD/src/Mcu.o
 *fill*         0x3400a989        0x3 
 .mcal_bss      0x3400a98c        0x8 ./RTD/src/Power_Ip_MC_RGM.o
 .mcal_bss      0x3400a994        0x8 ./RTD/src/Siul2_Port_Ip.o
                0x3400a99c                . = ALIGN (0x4)
                0x3400a99c                __sram_bss_end = .
                0x3400a99c                . = ALIGN (0x4)
                0x3400a99c                __sram_shareable_rom = .

.non_cacheable  0x34500000    0x40000
                0x34500000                . = ALIGN (0x4)
 *(.int_results)
                0x34500100                . = (. + 0x100)
 *fill*         0x34500000      0x100 
                0x34501000                . = ALIGN (0x1000)
 *fill*         0x34500100      0xf00 
                0x34501000                __interrupts_ram_start = .
 *(.intc_vector)
 .intc_vector   0x34501000      0x408 ./Project_Settings/Startup_Code/Vector_Table.o
                0x34501000                VTABLE
                0x34501408                . = ALIGN (0x4)
                0x34501408                __interrupts_ram_end = .
                0x34501410                . = ALIGN (0x10)
 *fill*         0x34501408        0x8 
                0x34501410                __non_cacheable_bss_start = .
 *(.mcal_bss_no_cacheable)
 .mcal_bss_no_cacheable
                0x34501410      0xf30 ./RTD/src/Dem.o
                0x34501410                Dem_EventStatus
                0x34501808                Dem_OverflowEvent
                0x34501810                Dem_au8ExtendedData
                0x34501b30                Dem_numEventErrors
                0x34501b50                Dem_EventId
 .mcal_bss_no_cacheable
                0x34502340       0x96 ./RTD/src/Det.o
                0x34502340                Det_TransientModuleId
                0x34502354                Det_ApiId
                0x3450235e                Det_TransientInstanceId
                0x34502368                Det_ErrorId
                0x34502372                Det_TransientApiId
                0x3450237c                Det_RuntimeModuleId
                0x34502390                Det_TransientFaultId
                0x3450239a                Det_RuntimeInstanceId
                0x345023a4                Det_RuntimeApiId
                0x345023ae                Det_ModuleId
                0x345023c2                Det_RuntimeErrorId
                0x345023cc                Det_InstanceId
 *fill*         0x345023d6        0x2 
 .mcal_bss_no_cacheable
                0x345023d8        0x4 ./RTD/src/Port.o
 .mcal_bss_no_cacheable
                0x345023dc       0x30 ./RTD/src/Port_Ipw.o
 .mcal_bss_no_cacheable
                0x3450240c      0x620 ./RTD/src/SchM_Lin.o
 .mcal_bss_no_cacheable
                0x34502a2c       0xa8 ./RTD/src/SchM_Mcu.o
 .mcal_bss_no_cacheable
                0x34502ad4      0x620 ./RTD/src/SchM_Port.o
                0x345030f4                . = ALIGN (0x4)
                0x345030f4                __non_cacheable_bss_end = .
                0x345030f4                . = ALIGN (0x4)
 *(.mcal_data_no_cacheable)
                0x345030f4                . = ALIGN (0x4)
 *(.mcal_const_no_cacheable)
                0x345030f4                HSE_LOOP_ADDR = .
                0x345030f4        0x4 LONG 0x0
                0x34540000                . = ALIGN (0x40000)
 *fill*         0x345030f8    0x3cf08 
 *(.pfe_bmu_mem)
                0x34540000                . = ALIGN (0x4)
 *(.pfe_bd_mem)
                0x34540000                . = ALIGN (0x4)
 *(.pfe_buf_mem)

.glue_7         0x34540000        0x0
 .glue_7        0x34540000        0x0 linker stubs

.glue_7t        0x34540000        0x0
 .glue_7t       0x34540000        0x0 linker stubs

.vfp11_veneer   0x34540000        0x0
 .vfp11_veneer  0x34540000        0x0 linker stubs

.v4_bx          0x34540000        0x0
 .v4_bx         0x34540000        0x0 linker stubs

.iplt           0x34540000        0x0
 .iplt          0x34540000        0x0 ./Project_Settings/Startup_Code/Vector_Table.o

.igot.plt       0x34540000        0x0
 .igot.plt      0x34540000        0x0 ./Project_Settings/Startup_Code/Vector_Table.o

.rel.dyn        0x34540000        0x0
 .rel.iplt      0x34540000        0x0 ./Project_Settings/Startup_Code/Vector_Table.o

.heap           0x34540000     0x3000
                0x00000000                . = (. + ALIGN (0x4))
                0x34540000                _end = .
                0x34540000                end = .
                0x34540000                _heap_start = .
                0x00003000                . = (. + HEAP_SIZE)
 *fill*         0x34540000     0x3000 
                0x34543000                _heap_end = .

.llce_boot_end  0x4383c8a0        0x0
                0x4383c8a0                . = ALIGN (0x4)
 *(.llce_boot_end)

.can_43_llce_sharedmemory
                0x43800000        0x0
                0x43800000                . = ALIGN (0x4)
 *(.can_43_llce_sharedmemory)

.lin_43_llce_sharedmemory
                0x4383c800        0x0
                0x4383c800                . = ALIGN (0x4)
 *(.lin_43_llce_sharedmemory)

.llce_meas_sharedmemory
                0x4384ffdf        0x1
                0x4384ffe0                . = ALIGN (0x4)
 *fill*         0x4384ffdf        0x1 
 *(.llce_meas_sharedmemory)

.shareable_ram_bss
                0x22c00000        0x0
                0x22c00000                . = ALIGN (0x10)
                0x22c00000                __shareable_bss_start = .
 *(.mcal_shared_bss)
                0x22c00000                . = ALIGN (0x4)
                0x22c00000                __shareable_bss_end = .

.shareable_ram_data
                0x22c00000        0x0 load address 0x3400a99c
                0x22c00000                . = ALIGN (0x10)
                0x22c00000                __shareable_data_start = .
 *(.mcal_shared_data)
                0x22c00000                . = ALIGN (0x4)
                0x22c00000                __shareable_data_end = .
                0x3400a99c                __sram_shareable_rom_end = (__sram_shareable_rom + (__shareable_data_end - __shareable_data_start))
                0x34400000                __Stack_end_c0 = ORIGIN (int_sram_stack_c0)
                0x34402000                __Stack_start_c0 = (ORIGIN (int_sram_stack_c0) + LENGTH (int_sram_stack_c0))
                0x34402000                __Stack_end_c1 = ORIGIN (int_sram_stack_c1)
                0x34404000                __Stack_start_c1 = (ORIGIN (int_sram_stack_c1) + LENGTH (int_sram_stack_c1))
                0x34404000                __Stack_end_c2 = ORIGIN (int_sram_stack_c2)
                0x34406000                __Stack_start_c2 = (ORIGIN (int_sram_stack_c2) + LENGTH (int_sram_stack_c2))
                0x00000000                __Stack_end_c3 = 0x0
                0x00000000                __Stack_start_c3 = 0x0
                0x34000000                __INT_SRAM_START = ORIGIN (int_sram)
                0x34600000                __INT_SRAM_END = ORIGIN (ram_rsvd2)
                0x00000000                __INT_ITCM_START = ORIGIN (int_itcm)
                0x00000000                __INT_ITCM_END = (ORIGIN (int_itcm) + LENGTH (int_itcm))
                0x20000000                __INT_DTCM_START = ORIGIN (int_dtcm)
                0x20010000                __INT_DTCM_END = (ORIGIN (int_dtcm) + LENGTH (int_dtcm))
                0x22c00000                __RAM_SHAREABLE_START = ORIGIN (int_sram_shareable)
                0x22c03fff                __RAM_SHAREABLE_END = ((ORIGIN (int_sram_shareable) + LENGTH (int_sram_shareable)) - 0x1)
                0x3400a99c                __ROM_SHAREABLE_START = __sram_shareable_rom
                0x3400a99c                __ROM_SHAREABLE_END = __sram_shareable_rom_end
                0x34500000                __RAM_NO_CACHEABLE_START = ORIGIN (int_sram_no_cacheable)
                0x345fffff                __RAM_NO_CACHEABLE_END = ((ORIGIN (int_sram_no_cacheable) + LENGTH (int_sram_no_cacheable)) - 0x1)
                0x00000000                __ROM_NO_CACHEABLE_START = 0x0
                0x00000000                __ROM_NO_CACHEABLE_END = 0x0
                0x34000000                __RAM_CACHEABLE_START = ORIGIN (int_sram)
                0x343fffff                __RAM_CACHEABLE_END = ((ORIGIN (int_sram) + LENGTH (int_sram)) - 0x1)
                0x00000000                __ROM_CACHEABLE_START = 0x0
                0x00000000                __ROM_CACHEABLE_END = 0x0
                0x3400a6f0                __BSS_SRAM_START = __sram_bss_start
                0x3400a99c                __BSS_SRAM_END = __sram_bss_end
                0x000002ac                __BSS_SRAM_SIZE = (__sram_bss_end - __sram_bss_start)
                0x34501410                __BSS_SRAM_NC_START = __non_cacheable_bss_start
                0x00001ce4                __BSS_SRAM_NC_SIZE = (__non_cacheable_bss_end - __non_cacheable_bss_start)
                0x345030f4                __BSS_SRAM_NC_END = __non_cacheable_bss_end
                0x22c00000                __BSS_SRAM_SH_START = __shareable_bss_start
                0x00000000                __BSS_SRAM_SH_SIZE = (__shareable_bss_end - __shareable_bss_start)
                0x22c00000                __BSS_SRAM_SH_END = __shareable_bss_end
                0x34501000                __RAM_INTERRUPT_START = __interrupts_ram_start
                0x00000000                __ROM_INTERRUPT_START = 0x0
                0x00000000                __ROM_INTERRUPT_END = 0x0
                0x3400a690                __INIT_TABLE = __init_table
                0x3400a6c4                __ZERO_TABLE = __zero_table
                0x00000000                __RAM_INIT = 0x0
                0x00000000                __ITCM_INIT = 0x0
                0x00000001                __DTCM_INIT = 0x1

/DISCARD/
 *(.boot_header)
OUTPUT(Lin_Example_S32G274A_M7.elf elf32-littlearm)

.ARM.attributes
                0x00000000       0x30
 .ARM.attributes
                0x00000000       0x20 ./Project_Settings/Startup_Code/Vector_Table.o
 .ARM.attributes
                0x00000020       0x34 ./Project_Settings/Startup_Code/exceptions.o
 .ARM.attributes
                0x00000054       0x34 ./Project_Settings/Startup_Code/nvic.o
 .ARM.attributes
                0x00000088       0x34 ./Project_Settings/Startup_Code/startup.o
 .ARM.attributes
                0x000000bc       0x1f ./Project_Settings/Startup_Code/startup_cm7.o
 .ARM.attributes
                0x000000db       0x34 ./Project_Settings/Startup_Code/system.o
 .ARM.attributes
                0x0000010f       0x34 ./RTD/src/Clock_Ip.o
 .ARM.attributes
                0x00000143       0x39 ./RTD/src/Clock_Ip_Data.o
 .ARM.attributes
                0x0000017c       0x39 ./RTD/src/Clock_Ip_Data1.o
 .ARM.attributes
                0x000001b5       0x39 ./RTD/src/Clock_Ip_Data2.o
 .ARM.attributes
                0x000001ee       0x34 ./RTD/src/Clock_Ip_Divider.o
 .ARM.attributes
                0x00000222       0x34 ./RTD/src/Clock_Ip_DividerTrigger.o
 .ARM.attributes
                0x00000256       0x34 ./RTD/src/Clock_Ip_ExtOsc.o
 .ARM.attributes
                0x0000028a       0x34 ./RTD/src/Clock_Ip_FracDiv.o
 .ARM.attributes
                0x000002be       0x39 ./RTD/src/Clock_Ip_Frequency.o
 .ARM.attributes
                0x000002f7       0x39 ./RTD/src/Clock_Ip_Frequency1.o
 .ARM.attributes
                0x00000330       0x39 ./RTD/src/Clock_Ip_Frequency2.o
 .ARM.attributes
                0x00000369       0x34 ./RTD/src/Clock_Ip_Gate.o
 .ARM.attributes
                0x0000039d       0x34 ./RTD/src/Clock_Ip_IntOsc.o
 .ARM.attributes
                0x000003d1       0x34 ./RTD/src/Clock_Ip_Irq.o
 .ARM.attributes
                0x00000405       0x34 ./RTD/src/Clock_Ip_Monitor.o
 .ARM.attributes
                0x00000439       0x34 ./RTD/src/Clock_Ip_Pll.o
 .ARM.attributes
                0x0000046d       0x34 ./RTD/src/Clock_Ip_ProgFreqSwitch.o
 .ARM.attributes
                0x000004a1       0x34 ./RTD/src/Clock_Ip_Selector.o
 .ARM.attributes
                0x000004d5       0x34 ./RTD/src/Clock_Ip_Specific.o
 .ARM.attributes
                0x00000509       0x39 ./RTD/src/Clock_Ip_Specific1.o
 .ARM.attributes
                0x00000542       0x39 ./RTD/src/Clock_Ip_Specific2.o
 .ARM.attributes
                0x0000057b       0x34 ./RTD/src/Dem.o
 .ARM.attributes
                0x000005af       0x34 ./RTD/src/Dem_stub.o
 .ARM.attributes
                0x000005e3       0x34 ./RTD/src/Det.o
 .ARM.attributes
                0x00000617       0x34 ./RTD/src/Det_stub.o
 .ARM.attributes
                0x0000064b       0x34 ./RTD/src/EcuM.o
 .ARM.attributes
                0x0000067f       0x34 ./RTD/src/IntCtrl_Ip.o
 .ARM.attributes
                0x000006b3       0x34 ./RTD/src/Lin.o
 .ARM.attributes
                0x000006e7       0x34 ./RTD/src/LinIf.o
 .ARM.attributes
                0x0000071b       0x39 ./RTD/src/Lin_ASRExt.o
 .ARM.attributes
                0x00000754       0x34 ./RTD/src/Lin_Ipw.o
 .ARM.attributes
                0x00000788       0x34 ./RTD/src/Linflexd_Lin_Ip.o
 .ARM.attributes
                0x000007bc       0x34 ./RTD/src/Linflexd_Lin_Ip_Autosar.o
 .ARM.attributes
                0x000007f0       0x34 ./RTD/src/Linflexd_Lin_Ip_Irq.o
 .ARM.attributes
                0x00000824       0x34 ./RTD/src/Mcu.o
 .ARM.attributes
                0x00000858       0x39 ./RTD/src/Mcu_Dem_Wrapper.o
 .ARM.attributes
                0x00000891       0x34 ./RTD/src/Mcu_Ipw.o
 .ARM.attributes
                0x000008c5       0x39 ./RTD/src/OsIf_Interrupts.o
 .ARM.attributes
                0x000008fe       0x34 ./RTD/src/OsIf_Timer.o
 .ARM.attributes
                0x00000932       0x39 ./RTD/src/OsIf_Timer_System.o
 .ARM.attributes
                0x0000096b       0x34 ./RTD/src/OsIf_Timer_System_Internal_Systick.o
 .ARM.attributes
                0x0000099f       0x34 ./RTD/src/Platform.o
 .ARM.attributes
                0x000009d3       0x34 ./RTD/src/Platform_Ipw.o
 .ARM.attributes
                0x00000a07       0x34 ./RTD/src/Port.o
 .ARM.attributes
                0x00000a3b       0x34 ./RTD/src/Port_Ipw.o
 .ARM.attributes
                0x00000a6f       0x34 ./RTD/src/Power_Ip.o
 .ARM.attributes
                0x00000aa3       0x39 ./RTD/src/Power_Ip_CortexA.o
 .ARM.attributes
                0x00000adc       0x34 ./RTD/src/Power_Ip_CortexM7.o
 .ARM.attributes
                0x00000b10       0x34 ./RTD/src/Power_Ip_MC_ME.o
 .ARM.attributes
                0x00000b44       0x34 ./RTD/src/Power_Ip_MC_RGM.o
 .ARM.attributes
                0x00000b78       0x39 ./RTD/src/Power_Ip_MC_RGM_Irq.o
 .ARM.attributes
                0x00000bb1       0x34 ./RTD/src/Power_Ip_MSCM.o
 .ARM.attributes
                0x00000be5       0x34 ./RTD/src/Power_Ip_PMC.o
 .ARM.attributes
                0x00000c19       0x34 ./RTD/src/Power_Ip_Private.o
 .ARM.attributes
                0x00000c4d       0x34 ./RTD/src/Ram_Ip.o
 .ARM.attributes
                0x00000c81       0x34 ./RTD/src/SchM_Lin.o
 .ARM.attributes
                0x00000cb5       0x34 ./RTD/src/SchM_Mcu.o
 .ARM.attributes
                0x00000ce9       0x34 ./RTD/src/SchM_Port.o
 .ARM.attributes
                0x00000d1d       0x34 ./RTD/src/Siul2_Port_Ip.o
 .ARM.attributes
                0x00000d51       0x34 ./RTD/src/System_Ip.o
 .ARM.attributes
                0x00000d85       0x39 ./board/Siul2_Port_Ip_Cfg.o
 .ARM.attributes
                0x00000dbe       0x39 ./board/dcd_config.o
 .ARM.attributes
                0x00000df7       0x39 ./board/ivt_config.o
 .ARM.attributes
                0x00000e30       0x39 ./board/quadspi_config.o
 .ARM.attributes
                0x00000e69       0x39 ./generate/IntCtrl_Ip/IntCtrl_Ip_Cfg.o
 .ARM.attributes
                0x00000ea2       0x39 ./generate/src/Clock_Ip_BOARD_InitPeripherals_PBcfg.o
 .ARM.attributes
                0x00000edb       0x39 ./generate/src/Clock_Ip_Cfg.o
 .ARM.attributes
                0x00000f14       0x39 ./generate/src/Lin_BOARD_InitPeripherals_PBcfg.o
 .ARM.attributes
                0x00000f4d       0x39 ./generate/src/Lin_Cfg.o
 .ARM.attributes
                0x00000f86       0x39 ./generate/src/Lin_Ipw_BOARD_InitPeripherals_PBcfg.o
 .ARM.attributes
                0x00000fbf       0x39 ./generate/src/Linflexd_Lin_Ip_BOARD_InitPeripherals_PBcfg.o
 .ARM.attributes
                0x00000ff8       0x39 ./generate/src/Mcu_BOARD_InitPeripherals_PBcfg.o
 .ARM.attributes
                0x00001031       0x39 ./generate/src/Mcu_Cfg.o
 .ARM.attributes
                0x0000106a       0x39 ./generate/src/OsIf_Cfg.o
 .ARM.attributes
                0x000010a3       0x39 ./generate/src/Platform_Cfg.o
 .ARM.attributes
                0x000010dc       0x39 ./generate/src/Platform_Ipw_Cfg.o
 .ARM.attributes
                0x00001115       0x39 ./generate/src/Port_BOARD_InitPeripherals_PBcfg.o
 .ARM.attributes
                0x0000114e       0x39 ./generate/src/Port_Cfg.o
 .ARM.attributes
                0x00001187       0x39 ./generate/src/Power_Ip_BOARD_InitPeripherals_PBcfg.o
 .ARM.attributes
                0x000011c0       0x39 ./generate/src/Power_Ip_Cfg.o
 .ARM.attributes
                0x000011f9       0x39 ./generate/src/Ram_Ip_BOARD_InitPeripherals_PBcfg.o
 .ARM.attributes
                0x00001232       0x39 ./generate/src/Ram_Ip_Cfg.o
 .ARM.attributes
                0x0000126b       0x39 ./generate/src/Siul2_Port_Ip_BOARD_InitPeripherals_PBcfg.o
 .ARM.attributes
                0x000012a4       0x34 ./src/main.o

.comment        0x00000000       0x80
 .comment       0x00000000       0x80 ./Project_Settings/Startup_Code/exceptions.o
                                 0x81 (size before relaxing)
 .comment       0x00000080       0x81 ./Project_Settings/Startup_Code/nvic.o
 .comment       0x00000080       0x81 ./Project_Settings/Startup_Code/startup.o
 .comment       0x00000080       0x81 ./Project_Settings/Startup_Code/system.o
 .comment       0x00000080       0x81 ./RTD/src/Clock_Ip.o
 .comment       0x00000080       0x81 ./RTD/src/Clock_Ip_Data.o
 .comment       0x00000080       0x81 ./RTD/src/Clock_Ip_Data1.o
 .comment       0x00000080       0x81 ./RTD/src/Clock_Ip_Data2.o
 .comment       0x00000080       0x81 ./RTD/src/Clock_Ip_Divider.o
 .comment       0x00000080       0x81 ./RTD/src/Clock_Ip_DividerTrigger.o
 .comment       0x00000080       0x81 ./RTD/src/Clock_Ip_ExtOsc.o
 .comment       0x00000080       0x81 ./RTD/src/Clock_Ip_FracDiv.o
 .comment       0x00000080       0x81 ./RTD/src/Clock_Ip_Frequency.o
 .comment       0x00000080       0x81 ./RTD/src/Clock_Ip_Frequency1.o
 .comment       0x00000080       0x81 ./RTD/src/Clock_Ip_Frequency2.o
 .comment       0x00000080       0x81 ./RTD/src/Clock_Ip_Gate.o
 .comment       0x00000080       0x81 ./RTD/src/Clock_Ip_IntOsc.o
 .comment       0x00000080       0x81 ./RTD/src/Clock_Ip_Irq.o
 .comment       0x00000080       0x81 ./RTD/src/Clock_Ip_Monitor.o
 .comment       0x00000080       0x81 ./RTD/src/Clock_Ip_Pll.o
 .comment       0x00000080       0x81 ./RTD/src/Clock_Ip_ProgFreqSwitch.o
 .comment       0x00000080       0x81 ./RTD/src/Clock_Ip_Selector.o
 .comment       0x00000080       0x81 ./RTD/src/Clock_Ip_Specific.o
 .comment       0x00000080       0x81 ./RTD/src/Clock_Ip_Specific1.o
 .comment       0x00000080       0x81 ./RTD/src/Clock_Ip_Specific2.o
 .comment       0x00000080       0x81 ./RTD/src/Dem.o
 .comment       0x00000080       0x81 ./RTD/src/Dem_stub.o
 .comment       0x00000080       0x81 ./RTD/src/Det.o
 .comment       0x00000080       0x81 ./RTD/src/Det_stub.o
 .comment       0x00000080       0x81 ./RTD/src/EcuM.o
 .comment       0x00000080       0x81 ./RTD/src/IntCtrl_Ip.o
 .comment       0x00000080       0x81 ./RTD/src/Lin.o
 .comment       0x00000080       0x81 ./RTD/src/LinIf.o
 .comment       0x00000080       0x81 ./RTD/src/Lin_ASRExt.o
 .comment       0x00000080       0x81 ./RTD/src/Lin_Ipw.o
 .comment       0x00000080       0x81 ./RTD/src/Linflexd_Lin_Ip.o
 .comment       0x00000080       0x81 ./RTD/src/Linflexd_Lin_Ip_Autosar.o
 .comment       0x00000080       0x81 ./RTD/src/Linflexd_Lin_Ip_Irq.o
 .comment       0x00000080       0x81 ./RTD/src/Mcu.o
 .comment       0x00000080       0x81 ./RTD/src/Mcu_Dem_Wrapper.o
 .comment       0x00000080       0x81 ./RTD/src/Mcu_Ipw.o
 .comment       0x00000080       0x81 ./RTD/src/OsIf_Interrupts.o
 .comment       0x00000080       0x81 ./RTD/src/OsIf_Timer.o
 .comment       0x00000080       0x81 ./RTD/src/OsIf_Timer_System.o
 .comment       0x00000080       0x81 ./RTD/src/OsIf_Timer_System_Internal_Systick.o
 .comment       0x00000080       0x81 ./RTD/src/Platform.o
 .comment       0x00000080       0x81 ./RTD/src/Platform_Ipw.o
 .comment       0x00000080       0x81 ./RTD/src/Port.o
 .comment       0x00000080       0x81 ./RTD/src/Port_Ipw.o
 .comment       0x00000080       0x81 ./RTD/src/Power_Ip.o
 .comment       0x00000080       0x81 ./RTD/src/Power_Ip_CortexA.o
 .comment       0x00000080       0x81 ./RTD/src/Power_Ip_CortexM7.o
 .comment       0x00000080       0x81 ./RTD/src/Power_Ip_MC_ME.o
 .comment       0x00000080       0x81 ./RTD/src/Power_Ip_MC_RGM.o
 .comment       0x00000080       0x81 ./RTD/src/Power_Ip_MC_RGM_Irq.o
 .comment       0x00000080       0x81 ./RTD/src/Power_Ip_MSCM.o
 .comment       0x00000080       0x81 ./RTD/src/Power_Ip_PMC.o
 .comment       0x00000080       0x81 ./RTD/src/Power_Ip_Private.o
 .comment       0x00000080       0x81 ./RTD/src/Ram_Ip.o
 .comment       0x00000080       0x81 ./RTD/src/SchM_Lin.o
 .comment       0x00000080       0x81 ./RTD/src/SchM_Mcu.o
 .comment       0x00000080       0x81 ./RTD/src/SchM_Port.o
 .comment       0x00000080       0x81 ./RTD/src/Siul2_Port_Ip.o
 .comment       0x00000080       0x81 ./RTD/src/System_Ip.o
 .comment       0x00000080       0x81 ./board/Siul2_Port_Ip_Cfg.o
 .comment       0x00000080       0x81 ./board/dcd_config.o
 .comment       0x00000080       0x81 ./board/ivt_config.o
 .comment       0x00000080       0x81 ./board/quadspi_config.o
 .comment       0x00000080       0x81 ./generate/IntCtrl_Ip/IntCtrl_Ip_Cfg.o
 .comment       0x00000080       0x81 ./generate/src/Clock_Ip_BOARD_InitPeripherals_PBcfg.o
 .comment       0x00000080       0x81 ./generate/src/Clock_Ip_Cfg.o
 .comment       0x00000080       0x81 ./generate/src/Lin_BOARD_InitPeripherals_PBcfg.o
 .comment       0x00000080       0x81 ./generate/src/Lin_Cfg.o
 .comment       0x00000080       0x81 ./generate/src/Lin_Ipw_BOARD_InitPeripherals_PBcfg.o
 .comment       0x00000080       0x81 ./generate/src/Linflexd_Lin_Ip_BOARD_InitPeripherals_PBcfg.o
 .comment       0x00000080       0x81 ./generate/src/Mcu_BOARD_InitPeripherals_PBcfg.o
 .comment       0x00000080       0x81 ./generate/src/Mcu_Cfg.o
 .comment       0x00000080       0x81 ./generate/src/OsIf_Cfg.o
 .comment       0x00000080       0x81 ./generate/src/Platform_Cfg.o
 .comment       0x00000080       0x81 ./generate/src/Platform_Ipw_Cfg.o
 .comment       0x00000080       0x81 ./generate/src/Port_BOARD_InitPeripherals_PBcfg.o
 .comment       0x00000080       0x81 ./generate/src/Port_Cfg.o
 .comment       0x00000080       0x81 ./generate/src/Power_Ip_BOARD_InitPeripherals_PBcfg.o
 .comment       0x00000080       0x81 ./generate/src/Power_Ip_Cfg.o
 .comment       0x00000080       0x81 ./generate/src/Ram_Ip_BOARD_InitPeripherals_PBcfg.o
 .comment       0x00000080       0x81 ./generate/src/Ram_Ip_Cfg.o
 .comment       0x00000080       0x81 ./generate/src/Siul2_Port_Ip_BOARD_InitPeripherals_PBcfg.o
 .comment       0x00000080       0x81 ./src/main.o

.debug_info     0x00000000    0x5ea49
 .debug_info    0x00000000      0x139 ./Project_Settings/Startup_Code/exceptions.o
 .debug_info    0x00000139      0x76a ./Project_Settings/Startup_Code/nvic.o
 .debug_info    0x000008a3      0x255 ./Project_Settings/Startup_Code/startup.o
 .debug_info    0x00000af8       0x22 ./Project_Settings/Startup_Code/startup_cm7.o
 .debug_info    0x00000b1a     0x1313 ./Project_Settings/Startup_Code/system.o
 .debug_info    0x00001e2d     0x2750 ./RTD/src/Clock_Ip.o
 .debug_info    0x0000457d     0x2c65 ./RTD/src/Clock_Ip_Data.o
 .debug_info    0x000071e2     0x1d1b ./RTD/src/Clock_Ip_Data1.o
 .debug_info    0x00008efd     0x1d1b ./RTD/src/Clock_Ip_Data2.o
 .debug_info    0x0000ac18     0x1fc6 ./RTD/src/Clock_Ip_Divider.o
 .debug_info    0x0000cbde     0x1d52 ./RTD/src/Clock_Ip_DividerTrigger.o
 .debug_info    0x0000e930     0x2002 ./RTD/src/Clock_Ip_ExtOsc.o
 .debug_info    0x00010932     0x1fc8 ./RTD/src/Clock_Ip_FracDiv.o
 .debug_info    0x000128fa     0x1d1b ./RTD/src/Clock_Ip_Frequency.o
 .debug_info    0x00014615     0x1d1b ./RTD/src/Clock_Ip_Frequency1.o
 .debug_info    0x00016330     0x1d1b ./RTD/src/Clock_Ip_Frequency2.o
 .debug_info    0x0001804b     0x1fcd ./RTD/src/Clock_Ip_Gate.o
 .debug_info    0x0001a018     0x1d77 ./RTD/src/Clock_Ip_IntOsc.o
 .debug_info    0x0001bd8f     0x1d50 ./RTD/src/Clock_Ip_Irq.o
 .debug_info    0x0001dadf     0x27fa ./RTD/src/Clock_Ip_Monitor.o
 .debug_info    0x000202d9     0x205f ./RTD/src/Clock_Ip_Pll.o
 .debug_info    0x00022338     0x1f45 ./RTD/src/Clock_Ip_ProgFreqSwitch.o
 .debug_info    0x0002427d     0x262f ./RTD/src/Clock_Ip_Selector.o
 .debug_info    0x000268ac     0x22dc ./RTD/src/Clock_Ip_Specific.o
 .debug_info    0x00028b88     0x1d1b ./RTD/src/Clock_Ip_Specific1.o
 .debug_info    0x0002a8a3     0x1d1b ./RTD/src/Clock_Ip_Specific2.o
 .debug_info    0x0002c5be      0x325 ./RTD/src/Dem.o
 .debug_info    0x0002c8e3      0x4f9 ./RTD/src/Dem_stub.o
 .debug_info    0x0002cddc      0x420 ./RTD/src/Det.o
 .debug_info    0x0002d1fc      0x471 ./RTD/src/Det_stub.o
 .debug_info    0x0002d66d      0x13e ./RTD/src/EcuM.o
 .debug_info    0x0002d7ab     0x1f30 ./RTD/src/IntCtrl_Ip.o
 .debug_info    0x0002f6db      0xc57 ./RTD/src/Lin.o
 .debug_info    0x00030332      0x766 ./RTD/src/LinIf.o
 .debug_info    0x00030a98      0x501 ./RTD/src/Lin_ASRExt.o
 .debug_info    0x00030f99      0xd58 ./RTD/src/Lin_Ipw.o
 .debug_info    0x00031cf1     0x1811 ./RTD/src/Linflexd_Lin_Ip.o
 .debug_info    0x00033502      0x5bf ./RTD/src/Linflexd_Lin_Ip_Autosar.o
 .debug_info    0x00033ac1      0x4a3 ./RTD/src/Linflexd_Lin_Ip_Irq.o
 .debug_info    0x00033f64     0x17bc ./RTD/src/Mcu.o
 .debug_info    0x00035720     0x125c ./RTD/src/Mcu_Dem_Wrapper.o
 .debug_info    0x0003697c     0x17e5 ./RTD/src/Mcu_Ipw.o
 .debug_info    0x00038161       0x7d ./RTD/src/OsIf_Interrupts.o
 .debug_info    0x000381de      0x2c7 ./RTD/src/OsIf_Timer.o
 .debug_info    0x000384a5       0x7d ./RTD/src/OsIf_Timer_System.o
 .debug_info    0x00038522      0x196 ./RTD/src/OsIf_Timer_System_Internal_Systick.o
 .debug_info    0x000386b8      0xdcd ./RTD/src/Platform.o
 .debug_info    0x00039485      0xa0a ./RTD/src/Platform_Ipw.o
 .debug_info    0x00039e8f     0x2294 ./RTD/src/Port.o
 .debug_info    0x0003c123     0x2a71 ./RTD/src/Port_Ipw.o
 .debug_info    0x0003eb94      0x9c7 ./RTD/src/Power_Ip.o
 .debug_info    0x0003f55b      0x56b ./RTD/src/Power_Ip_CortexA.o
 .debug_info    0x0003fac6      0xa99 ./RTD/src/Power_Ip_CortexM7.o
 .debug_info    0x0004055f     0x13fb ./RTD/src/Power_Ip_MC_ME.o
 .debug_info    0x0004195a     0x164a ./RTD/src/Power_Ip_MC_RGM.o
 .debug_info    0x00042fa4      0x56b ./RTD/src/Power_Ip_MC_RGM_Irq.o
 .debug_info    0x0004350f      0x9b5 ./RTD/src/Power_Ip_MSCM.o
 .debug_info    0x00043ec4      0x69c ./RTD/src/Power_Ip_PMC.o
 .debug_info    0x00044560      0x782 ./RTD/src/Power_Ip_Private.o
 .debug_info    0x00044ce2      0x277 ./RTD/src/Ram_Ip.o
 .debug_info    0x00044f59     0x1554 ./RTD/src/SchM_Lin.o
 .debug_info    0x000464ad      0x35c ./RTD/src/SchM_Mcu.o
 .debug_info    0x00046809     0x1554 ./RTD/src/SchM_Port.o
 .debug_info    0x00047d5d     0x2276 ./RTD/src/Siul2_Port_Ip.o
 .debug_info    0x00049fd3      0x364 ./RTD/src/System_Ip.o
 .debug_info    0x0004a337     0x1ae1 ./board/Siul2_Port_Ip_Cfg.o
 .debug_info    0x0004be18       0xac ./board/dcd_config.o
 .debug_info    0x0004bec4       0xac ./board/ivt_config.o
 .debug_info    0x0004bf70       0xad ./board/quadspi_config.o
 .debug_info    0x0004c01d      0x73a ./generate/IntCtrl_Ip/IntCtrl_Ip_Cfg.o
 .debug_info    0x0004c757     0x1d29 ./generate/src/Clock_Ip_BOARD_InitPeripherals_PBcfg.o
 .debug_info    0x0004e480     0x1d1b ./generate/src/Clock_Ip_Cfg.o
 .debug_info    0x0005019b      0x524 ./generate/src/Lin_BOARD_InitPeripherals_PBcfg.o
 .debug_info    0x000506bf       0x7d ./generate/src/Lin_Cfg.o
 .debug_info    0x0005073c      0x464 ./generate/src/Lin_Ipw_BOARD_InitPeripherals_PBcfg.o
 .debug_info    0x00050ba0      0x3e4 ./generate/src/Linflexd_Lin_Ip_BOARD_InitPeripherals_PBcfg.o
 .debug_info    0x00050f84     0x139f ./generate/src/Mcu_BOARD_InitPeripherals_PBcfg.o
 .debug_info    0x00052323     0x1391 ./generate/src/Mcu_Cfg.o
 .debug_info    0x000536b4       0x7d ./generate/src/OsIf_Cfg.o
 .debug_info    0x00053731      0x959 ./generate/src/Platform_Cfg.o
 .debug_info    0x0005408a      0x908 ./generate/src/Platform_Ipw_Cfg.o
 .debug_info    0x00054992     0x200c ./generate/src/Port_BOARD_InitPeripherals_PBcfg.o
 .debug_info    0x0005699e     0x1e0e ./generate/src/Port_Cfg.o
 .debug_info    0x000587ac      0x706 ./generate/src/Power_Ip_BOARD_InitPeripherals_PBcfg.o
 .debug_info    0x00058eb2      0x56b ./generate/src/Power_Ip_Cfg.o
 .debug_info    0x0005941d      0x1a1 ./generate/src/Ram_Ip_BOARD_InitPeripherals_PBcfg.o
 .debug_info    0x000595be      0x1a1 ./generate/src/Ram_Ip_Cfg.o
 .debug_info    0x0005975f     0x1b10 ./generate/src/Siul2_Port_Ip_BOARD_InitPeripherals_PBcfg.o
 .debug_info    0x0005b26f     0x37da ./src/main.o

.debug_abbrev   0x00000000     0x86c2
 .debug_abbrev  0x00000000       0x47 ./Project_Settings/Startup_Code/exceptions.o
 .debug_abbrev  0x00000047      0x102 ./Project_Settings/Startup_Code/nvic.o
 .debug_abbrev  0x00000149       0xf5 ./Project_Settings/Startup_Code/startup.o
 .debug_abbrev  0x0000023e       0x12 ./Project_Settings/Startup_Code/startup_cm7.o
 .debug_abbrev  0x00000250      0x26a ./Project_Settings/Startup_Code/system.o
 .debug_abbrev  0x000004ba      0x3f4 ./RTD/src/Clock_Ip.o
 .debug_abbrev  0x000008ae      0x19f ./RTD/src/Clock_Ip_Data.o
 .debug_abbrev  0x00000a4d      0x167 ./RTD/src/Clock_Ip_Data1.o
 .debug_abbrev  0x00000bb4      0x167 ./RTD/src/Clock_Ip_Data2.o
 .debug_abbrev  0x00000d1b      0x224 ./RTD/src/Clock_Ip_Divider.o
 .debug_abbrev  0x00000f3f      0x1a3 ./RTD/src/Clock_Ip_DividerTrigger.o
 .debug_abbrev  0x000010e2      0x273 ./RTD/src/Clock_Ip_ExtOsc.o
 .debug_abbrev  0x00001355      0x240 ./RTD/src/Clock_Ip_FracDiv.o
 .debug_abbrev  0x00001595      0x167 ./RTD/src/Clock_Ip_Frequency.o
 .debug_abbrev  0x000016fc      0x167 ./RTD/src/Clock_Ip_Frequency1.o
 .debug_abbrev  0x00001863      0x167 ./RTD/src/Clock_Ip_Frequency2.o
 .debug_abbrev  0x000019ca      0x220 ./RTD/src/Clock_Ip_Gate.o
 .debug_abbrev  0x00001bea      0x1bd ./RTD/src/Clock_Ip_IntOsc.o
 .debug_abbrev  0x00001da7      0x1a8 ./RTD/src/Clock_Ip_Irq.o
 .debug_abbrev  0x00001f4f      0x3bd ./RTD/src/Clock_Ip_Monitor.o
 .debug_abbrev  0x0000230c      0x2d5 ./RTD/src/Clock_Ip_Pll.o
 .debug_abbrev  0x000025e1      0x23c ./RTD/src/Clock_Ip_ProgFreqSwitch.o
 .debug_abbrev  0x0000281d      0x335 ./RTD/src/Clock_Ip_Selector.o
 .debug_abbrev  0x00002b52      0x236 ./RTD/src/Clock_Ip_Specific.o
 .debug_abbrev  0x00002d88      0x167 ./RTD/src/Clock_Ip_Specific1.o
 .debug_abbrev  0x00002eef      0x167 ./RTD/src/Clock_Ip_Specific2.o
 .debug_abbrev  0x00003056       0xe4 ./RTD/src/Dem.o
 .debug_abbrev  0x0000313a      0x11c ./RTD/src/Dem_stub.o
 .debug_abbrev  0x00003256      0x14e ./RTD/src/Det.o
 .debug_abbrev  0x000033a4       0xc5 ./RTD/src/Det_stub.o
 .debug_abbrev  0x00003469       0xdb ./RTD/src/EcuM.o
 .debug_abbrev  0x00003544      0x31c ./RTD/src/IntCtrl_Ip.o
 .debug_abbrev  0x00003860      0x2cb ./RTD/src/Lin.o
 .debug_abbrev  0x00003b2b      0x15f ./RTD/src/LinIf.o
 .debug_abbrev  0x00003c8a       0xd1 ./RTD/src/Lin_ASRExt.o
 .debug_abbrev  0x00003d5b      0x23a ./RTD/src/Lin_Ipw.o
 .debug_abbrev  0x00003f95      0x36a ./RTD/src/Linflexd_Lin_Ip.o
 .debug_abbrev  0x000042ff      0x11b ./RTD/src/Linflexd_Lin_Ip_Autosar.o
 .debug_abbrev  0x0000441a      0x12b ./RTD/src/Linflexd_Lin_Ip_Irq.o
 .debug_abbrev  0x00004545      0x1ed ./RTD/src/Mcu.o
 .debug_abbrev  0x00004732      0x110 ./RTD/src/Mcu_Dem_Wrapper.o
 .debug_abbrev  0x00004842      0x1f7 ./RTD/src/Mcu_Ipw.o
 .debug_abbrev  0x00004a39       0x29 ./RTD/src/OsIf_Interrupts.o
 .debug_abbrev  0x00004a62      0x1a7 ./RTD/src/OsIf_Timer.o
 .debug_abbrev  0x00004c09       0x29 ./RTD/src/OsIf_Timer_System.o